Archive member included to satisfy reference by file (symbol)

C:/ProgramData/MATLAB/SupportPackages/R2022a/3P.instrset/cmsis.instrset/CMSIS/RTOS/RTX/LIB/GCC/libRTX_CM4.a(rt_cmsis.o)
                              RTX_Conf_CM.o (osKernelInitialize)
C:/ProgramData/MATLAB/SupportPackages/R2022a/3P.instrset/cmsis.instrset/CMSIS/RTOS/RTX/LIB/GCC/libRTX_CM4.a(hal_cm.o)
                              C:/ProgramData/MATLAB/SupportPackages/R2022a/3P.instrset/cmsis.instrset/CMSIS/RTOS/RTX/LIB/GCC/libRTX_CM4.a(rt_cmsis.o) (rt_ret_val)
C:/ProgramData/MATLAB/SupportPackages/R2022a/3P.instrset/cmsis.instrset/CMSIS/RTOS/RTX/LIB/GCC/libRTX_CM4.a(rt_memory.o)
                              C:/ProgramData/MATLAB/SupportPackages/R2022a/3P.instrset/cmsis.instrset/CMSIS/RTOS/RTX/LIB/GCC/libRTX_CM4.a(rt_cmsis.o) (rt_init_mem)
C:/ProgramData/MATLAB/SupportPackages/R2022a/3P.instrset/cmsis.instrset/CMSIS/RTOS/RTX/LIB/GCC/libRTX_CM4.a(rt_membox.o)
                              C:/ProgramData/MATLAB/SupportPackages/R2022a/3P.instrset/cmsis.instrset/CMSIS/RTOS/RTX/LIB/GCC/libRTX_CM4.a(rt_cmsis.o) (_init_box)
C:/ProgramData/MATLAB/SupportPackages/R2022a/3P.instrset/cmsis.instrset/CMSIS/RTOS/RTX/LIB/GCC/libRTX_CM4.a(rt_mutex.o)
                              C:/ProgramData/MATLAB/SupportPackages/R2022a/3P.instrset/cmsis.instrset/CMSIS/RTOS/RTX/LIB/GCC/libRTX_CM4.a(rt_cmsis.o) (rt_mut_init)
C:/ProgramData/MATLAB/SupportPackages/R2022a/3P.instrset/cmsis.instrset/CMSIS/RTOS/RTX/LIB/GCC/libRTX_CM4.a(rt_time.o)
                              C:/ProgramData/MATLAB/SupportPackages/R2022a/3P.instrset/cmsis.instrset/CMSIS/RTOS/RTX/LIB/GCC/libRTX_CM4.a(rt_cmsis.o) (os_time)
C:/ProgramData/MATLAB/SupportPackages/R2022a/3P.instrset/cmsis.instrset/CMSIS/RTOS/RTX/LIB/GCC/libRTX_CM4.a(rt_semaphore.o)
                              C:/ProgramData/MATLAB/SupportPackages/R2022a/3P.instrset/cmsis.instrset/CMSIS/RTOS/RTX/LIB/GCC/libRTX_CM4.a(rt_cmsis.o) (rt_sem_init)
C:/ProgramData/MATLAB/SupportPackages/R2022a/3P.instrset/cmsis.instrset/CMSIS/RTOS/RTX/LIB/GCC/libRTX_CM4.a(rt_mailbox.o)
                              C:/ProgramData/MATLAB/SupportPackages/R2022a/3P.instrset/cmsis.instrset/CMSIS/RTOS/RTX/LIB/GCC/libRTX_CM4.a(rt_cmsis.o) (rt_mbx_init)
C:/ProgramData/MATLAB/SupportPackages/R2022a/3P.instrset/cmsis.instrset/CMSIS/RTOS/RTX/LIB/GCC/libRTX_CM4.a(rt_list.o)
                              C:/ProgramData/MATLAB/SupportPackages/R2022a/3P.instrset/cmsis.instrset/CMSIS/RTOS/RTX/LIB/GCC/libRTX_CM4.a(rt_cmsis.o) (rt_put_prio)
C:/ProgramData/MATLAB/SupportPackages/R2022a/3P.instrset/cmsis.instrset/CMSIS/RTOS/RTX/LIB/GCC/libRTX_CM4.a(rt_event.o)
                              C:/ProgramData/MATLAB/SupportPackages/R2022a/3P.instrset/cmsis.instrset/CMSIS/RTOS/RTX/LIB/GCC/libRTX_CM4.a(rt_cmsis.o) (rt_evt_wait)
C:/ProgramData/MATLAB/SupportPackages/R2022a/3P.instrset/cmsis.instrset/CMSIS/RTOS/RTX/LIB/GCC/libRTX_CM4.a(rt_system.o)
                              C:/ProgramData/MATLAB/SupportPackages/R2022a/3P.instrset/cmsis.instrset/CMSIS/RTOS/RTX/LIB/GCC/libRTX_CM4.a(rt_cmsis.o) (rt_suspend)
C:/ProgramData/MATLAB/SupportPackages/R2022a/3P.instrset/cmsis.instrset/CMSIS/RTOS/RTX/LIB/GCC/libRTX_CM4.a(rt_task.o)
                              C:/ProgramData/MATLAB/SupportPackages/R2022a/3P.instrset/cmsis.instrset/CMSIS/RTOS/RTX/LIB/GCC/libRTX_CM4.a(rt_system.o) (rt_switch_req)
C:/ProgramData/MATLAB/SupportPackages/R2022a/3P.instrset/cmsis.instrset/CMSIS/RTOS/RTX/LIB/GCC/libRTX_CM4.a(hal_cm4.o)
                              C:/ProgramData/MATLAB/SupportPackages/R2022a/3P.instrset/cmsis.instrset/CMSIS/RTOS/RTX/LIB/GCC/libRTX_CM4.a(rt_task.o) (rt_get_PSP)
C:/ProgramData/MATLAB/SupportPackages/R2022a/3P.instrset/cmsis.instrset/CMSIS/RTOS/RTX/LIB/GCC/libRTX_CM4.a(svc_table.o)
                              C:/ProgramData/MATLAB/SupportPackages/R2022a/3P.instrset/cmsis.instrset/CMSIS/RTOS/RTX/LIB/GCC/libRTX_CM4.a(hal_cm4.o) (SVC_Table)
C:/ProgramData/MATLAB/SupportPackages/R2022a/3P.instrset/cmsis.instrset/CMSIS/RTOS/RTX/LIB/GCC/libRTX_CM4.a(rt_robin.o)
                              C:/ProgramData/MATLAB/SupportPackages/R2022a/3P.instrset/cmsis.instrset/CMSIS/RTOS/RTX/LIB/GCC/libRTX_CM4.a(rt_system.o) (os_robin)
C:/ProgramData/MATLAB/SupportPackages/R2022a/toolbox/target/supportpackages/freedomk64f/src/ksdk_armgcc_lib/bm/libksdk_platform.a(fsl_os_abstraction_bm.o)
                              hardware_init.o (OSA_Init)
C:/ProgramData/MATLAB/SupportPackages/R2022a/toolbox/target/supportpackages/freedomk64f/src/ksdk_armgcc_lib/bm/libksdk_platform.a(fsl_clock_manager.o)
                              board.o (CLOCK_SYS_OscInit)
C:/ProgramData/MATLAB/SupportPackages/R2022a/toolbox/target/supportpackages/freedomk64f/src/ksdk_armgcc_lib/bm/libksdk_platform.a(fsl_clock_manager_common.o)
[...]
Memory Configuration

Name             Origin             Length             Attributes
m_interrupts     0x00000000         0x00000400         xr
m_flash_config   0x00000400         0x00000010         xr
m_text           0x00000410         0x000ffbf0         xr
m_data_2         0x1fff0000         0x00010000         rw
m_data           0x20000000         0x00030000         rw
*default*        0x00000000         0xffffffff

Linker script and memory map

LOAD c:/progra~3/matlab/suppor~1/r2022a/3p778c~1.ins/gnuarm~1.ins/win/bin/../lib/gcc/arm-none-eabi/9.3.1/thumb/v7e-m+fp/hard/crti.o
LOAD c:/progra~3/matlab/suppor~1/r2022a/3p778c~1.ins/gnuarm~1.ins/win/bin/../lib/gcc/arm-none-eabi/9.3.1/thumb/v7e-m+fp/hard/crtbegin.o
LOAD c:/progra~3/matlab/suppor~1/r2022a/3p778c~1.ins/gnuarm~1.ins/win/bin/../lib/gcc/arm-none-eabi/9.3.1/../../../../arm-none-eabi/lib/thumb/v7e-m+fp/hard/crt0.o
LOAD MW_digitalIO.o
LOAD mw_sdk_interface.o
LOAD ert_main.o
LOAD VOOstateflow.o
LOAD VOOstateflow_data.o
LOAD startup.o
LOAD system_MK64F12.o
LOAD startup_MK64F12.o
LOAD board.o
LOAD hardware_init.o
LOAD pin_mux.o
LOAD fsl_misc_utilities.o
LOAD fsl_edma_irq.o
LOAD fsl_uart_irq.o
LOAD irq_stub.o
LOAD sbrk.o
LOAD cmsis_rtos_init.o
LOAD RTX_Conf_CM.o
LOAD mw_thread.o
LOAD mw_semaphore.o
LOAD mw_timer.o
LOAD mw_signal.o
LOAD C:/ProgramData/MATLAB/SupportPackages/R2022a/3P.instrset/cmsis.instrset/CMSIS/DSP/Lib/GCC/libarm_cortexM4lf_math.a
LOAD C:/ProgramData/MATLAB/SupportPackages/R2022a/3P.instrset/cmsis.instrset/CMSIS/RTOS/RTX/LIB/GCC/libRTX_CM4.a
LOAD C:/ProgramData/MATLAB/SupportPackages/R2022a/toolbox/target/supportpackages/freedomk64f/src/ksdk_armgcc_lib/bm/libksdk_platform.a
LOAD c:/progra~3/matlab/suppor~1/r2022a/3p778c~1.ins/gnuarm~1.ins/win/bin/../lib/gcc/arm-none-eabi/9.3.1/../../../../arm-none-eabi/lib/thumb/v7e-m+fp/hard\libstdc++.a
LOAD c:/progra~3/matlab/suppor~1/r2022a/3p778c~1.ins/gnuarm~1.ins/win/bin/../lib/gcc/arm-none-eabi/9.3.1/../../../../arm-none-eabi/lib/thumb/v7e-m+fp/hard\libm.a
START GROUP
LOAD c:/progra~3/matlab/suppor~1/r2022a/3p778c~1.ins/gnuarm~1.ins/win/bin/../lib/gcc/arm-none-eabi/9.3.1/thumb/v7e-m+fp/hard\libgcc.a
LOAD c:/progra~3/matlab/suppor~1/r2022a/3p778c~1.ins/gnuarm~1.ins/win/bin/../lib/gcc/arm-none-eabi/9.3.1/../../../../arm-none-eabi/lib/thumb/v7e-m+fp/hard\libg.a
LOAD c:/progra~3/matlab/suppor~1/r2022a/3p778c~1.ins/gnuarm~1.ins/win/bin/../lib/gcc/arm-none-eabi/9.3.1/../../../../arm-none-eabi/lib/thumb/v7e-m+fp/hard\libc.a
END GROUP
START GROUP
LOAD c:/progra~3/matlab/suppor~1/r2022a/3p778c~1.ins/gnuarm~1.ins/win/bin/../lib/gcc/arm-none-eabi/9.3.1/thumb/v7e-m+fp/hard\libgcc.a
LOAD c:/progra~3/matlab/suppor~1/r2022a/3p778c~1.ins/gnuarm~1.ins/win/bin/../lib/gcc/arm-none-eabi/9.3.1/../../../../arm-none-eabi/lib/thumb/v7e-m+fp/hard\libc.a
LOAD c:/progra~3/matlab/suppor~1/r2022a/3p778c~1.ins/gnuarm~1.ins/win/bin/../lib/gcc/arm-none-eabi/9.3.1/../../../../arm-none-eabi/lib/thumb/v7e-m+fp/hard\libnosys.a
END GROUP
LOAD c:/progra~3/matlab/suppor~1/r2022a/3p778c~1.ins/gnuarm~1.ins/win/bin/../lib/gcc/arm-none-eabi/9.3.1/thumb/v7e-m+fp/hard/crtend.o
LOAD c:/progra~3/matlab/suppor~1/r2022a/3p778c~1.ins/gnuarm~1.ins/win/bin/../lib/gcc/arm-none-eabi/9.3.1/thumb/v7e-m+fp/hard/crtn.o
                0x00000400                HEAP_SIZE = DEFINED (__heap_size__)?__heap_size__:0x400
                0x00000400                STACK_SIZE = DEFINED (__stack_size__)?__stack_size__:0x400
                0x00000000                M_VECTOR_RAM_SIZE = DEFINED (__ram_vector_table__)?0x400:0x0

.interrupts     0x00000000      0x400
                0x00000000                __VECTOR_TABLE = .
                0x00000000                . = ALIGN (0x4)
 *(.isr_vector)
 .isr_vector    0x00000000      0x400 startup_MK64F12.o
                0x00000000                __isr_vector
                0x00000400                . = ALIGN (0x4)

.flash_config   0x00000400       0x10
                0x00000400                . = ALIGN (0x4)
 *(.FlashConfig)
 .FlashConfig   0x00000400       0x10 startup_MK64F12.o
                0x00000410                . = ALIGN (0x4)

.text           0x00000440     0x8e3c
                0x00000440                . = ALIGN (0x4)
 *(.text)
 .text          0x00000440       0x40 c:/progra~3/matlab/suppor~1/r2022a/3p778c~1.ins/gnuarm~1.ins/win/bin/../lib/gcc/arm-none-eabi/9.3.1/thumb/v7e-m+fp/hard/crtbegin.o
 .text          0x00000480       0x7c c:/progra~3/matlab/suppor~1/r2022a/3p778c~1.ins/gnuarm~1.ins/win/bin/../lib/gcc/arm-none-eabi/9.3.1/../../../../arm-none-eabi/lib/thumb/v7e-m+fp/hard/crt0.o
                0x00000480                _stack_init
                0x00000488                _start
                0x00000488                _mainCRTStartup
 .text          0x000004fc       0x14 startup_MK64F12.o
                0x000004fc                Reset_Handler
                0x0000050c                ENET_Receive_IRQHandler
                0x0000050c                ENET_1588_Timer_IRQHandler
                0x0000050c                DefaultISR
                0x0000050c                PIT2_IRQHandler
                0x0000050c                PIT0_IRQHandler
                0x0000050c                ENET_Error_IRQHandler
                0x0000050c                PIT3_IRQHandler
                0x0000050c                SDHC_IRQHandler
                0x0000050c                ENET_Transmit_IRQHandler
                0x0000050c                PIT1_IRQHandler
 .text          0x00000510      0x198 C:/ProgramData/MATLAB/SupportPackages/R2022a/3P.instrset/cmsis.instrset/CMSIS/RTOS/RTX/LIB/GCC/libRTX_CM4.a(hal_cm4.o)
                0x00000510                rt_set_PSP
                0x00000516                rt_get_PSP
                0x0000051c                os_set_env
                0x00000534                _alloc_box
                0x00000550                _free_box
                0x0000056c                SVC_Handler
                0x00000612                PendSV_Handler
                0x00000618                Sys_Switch
                0x00000672                SysTick_Handler
                0x0000067c                OS_Tick_Handler
 .text          0x000006a8      0x378 c:/progra~3/matlab/suppor~1/r2022a/3p778c~1.ins/gnuarm~1.ins/win/bin/../lib/gcc/arm-none-eabi/9.3.1/thumb/v7e-m+fp/hard\libgcc.a(_arm_addsubdf3.o)
                0x000006a8                __aeabi_drsub
                0x000006b0                __aeabi_dsub
                0x000006b0                __subdf3
                0x000006b4                __aeabi_dadd
                0x000006b4                __adddf3
                0x0000092c                __floatunsidf
                0x0000092c                __aeabi_ui2d
                0x0000094c                __floatsidf
                0x0000094c                __aeabi_i2d
                0x00000970                __aeabi_f2d
                0x00000970                __extendsfdf2
                0x000009b4                __floatundidf
                0x000009b4                __aeabi_ul2d
                0x000009c4                __floatdidf
                0x000009c4                __aeabi_l2d
 .text          0x00000a20      0x110 c:/progra~3/matlab/suppor~1/r2022a/3p778c~1.ins/gnuarm~1.ins/win/bin/../lib/gcc/arm-none-eabi/9.3.1/thumb/v7e-m+fp/hard\libgcc.a(_arm_cmpdf2.o)
                0x00000a20                __gtdf2
                0x00000a20                __gedf2
                0x00000a28                __ltdf2
                0x00000a28                __ledf2
                0x00000a30                __nedf2
                0x00000a30                __eqdf2
                0x00000a30                __cmpdf2
                0x00000aac                __aeabi_cdrcmple
                0x00000abc                __aeabi_cdcmpeq
                0x00000abc                __aeabi_cdcmple
                0x00000acc                __aeabi_dcmpeq
                0x00000ae0                __aeabi_dcmplt
                0x00000af4                __aeabi_dcmple
                0x00000b08                __aeabi_dcmpge
                0x00000b1c                __aeabi_dcmpgt
 .text          0x00000b30       0x40 c:/progra~3/matlab/suppor~1/r2022a/3p778c~1.ins/gnuarm~1.ins/win/bin/../lib/gcc/arm-none-eabi/9.3.1/thumb/v7e-m+fp/hard\libgcc.a(_arm_fixunsdfsi.o)
                0x00000b30                __aeabi_d2uiz
                0x00000b30                __fixunsdfsi
 .text          0x00000b70       0x30 c:/progra~3/matlab/suppor~1/r2022a/3p778c~1.ins/gnuarm~1.ins/win/bin/../lib/gcc/arm-none-eabi/9.3.1/thumb/v7e-m+fp/hard\libgcc.a(_aeabi_uldivmod.o)
                0x00000b70                __aeabi_uldivmod
 .text          0x00000ba0      0x2c4 c:/progra~3/matlab/suppor~1/r2022a/3p778c~1.ins/gnuarm~1.ins/win/bin/../lib/gcc/arm-none-eabi/9.3.1/thumb/v7e-m+fp/hard\libgcc.a(_udivmoddi4.o)
                0x00000ba0                __udivmoddi4
 .text          0x00000e64      0x9b8 c:/progra~3/matlab/suppor~1/r2022a/3p778c~1.ins/gnuarm~1.ins/win/bin/../lib/gcc/arm-none-eabi/9.3.1/thumb/v7e-m+fp/hard\libgcc.a(unwind-arm.o)
                0x0000110c                _Unwind_GetCFA
                0x00001110                __gnu_Unwind_RaiseException
                0x00001170                __gnu_Unwind_ForcedUnwind
                0x00001184                __gnu_Unwind_Resume
                0x000011c8                __gnu_Unwind_Resume_or_Rethrow
                0x000011d8                _Unwind_Complete
                0x000011dc                _Unwind_DeleteException
                0x000011e8                _Unwind_VRS_Get
                0x00001230                _Unwind_VRS_Set
                0x00001278                __gnu_Unwind_Backtrace
                0x00001598                __aeabi_unwind_cpp_pr0
                0x0000159c                __aeabi_unwind_cpp_pr1
                0x000015a0                __aeabi_unwind_cpp_pr2
                0x000015a4                _Unwind_VRS_Pop
 .text          0x0000181c      0x1ac c:/progra~3/matlab/suppor~1/r2022a/3p778c~1.ins/gnuarm~1.ins/win/bin/../lib/gcc/arm-none-eabi/9.3.1/thumb/v7e-m+fp/hard\libgcc.a(libunwind.o)
                0x0000181c                __restore_core_regs
                0x0000181c                restore_core_regs
                0x00001834                __gnu_Unwind_Restore_VFP
                0x0000183c                __gnu_Unwind_Save_VFP
                0x00001844                __gnu_Unwind_Restore_VFP_D
                0x0000184c                __gnu_Unwind_Save_VFP_D
                0x00001854                __gnu_Unwind_Restore_VFP_D_16_to_31
                0x0000185c                __gnu_Unwind_Save_VFP_D_16_to_31
                0x00001864                __gnu_Unwind_Restore_WMMXD
                0x000018a8                __gnu_Unwind_Save_WMMXD
                0x000018ec                __gnu_Unwind_Restore_WMMXC
                0x00001900                __gnu_Unwind_Save_WMMXC
                0x00001914                ___Unwind_RaiseException
                0x00001914                _Unwind_RaiseException
                0x00001938                _Unwind_Resume
                0x00001938                ___Unwind_Resume
                0x0000195c                _Unwind_Resume_or_Rethrow
                0x0000195c                ___Unwind_Resume_or_Rethrow
                0x00001980                _Unwind_ForcedUnwind
                0x00001980                ___Unwind_ForcedUnwind
                0x000019a4                ___Unwind_Backtrace
                0x000019a4                _Unwind_Backtrace
 .text          0x000019c8      0x340 c:/progra~3/matlab/suppor~1/r2022a/3p778c~1.ins/gnuarm~1.ins/win/bin/../lib/gcc/arm-none-eabi/9.3.1/thumb/v7e-m+fp/hard\libgcc.a(pr-support.o)
                0x00001a20                __gnu_unwind_execute
                0x00001cbc                __gnu_unwind_frame
                0x00001ce8                _Unwind_GetRegionStart
                0x00001cf4                _Unwind_GetLanguageSpecificData
 .text          0x00001d08        0x4 c:/progra~3/matlab/suppor~1/r2022a/3p778c~1.ins/gnuarm~1.ins/win/bin/../lib/gcc/arm-none-eabi/9.3.1/thumb/v7e-m+fp/hard\libgcc.a(_dvmd_tls.o)
                0x00001d08                __aeabi_idiv0
                0x00001d08                __aeabi_ldiv0
 .text          0x00001d0c      0x134 c:/progra~3/matlab/suppor~1/r2022a/3p778c~1.ins/gnuarm~1.ins/win/bin/../lib/gcc/arm-none-eabi/9.3.1/../../../../arm-none-eabi/lib/thumb/v7e-m+fp/hard\libg.a(lib_a-memcpy.o)
                0x00001d0c                memcpy
 .text          0x00001e40       0xa0 c:/progra~3/matlab/suppor~1/r2022a/3p778c~1.ins/gnuarm~1.ins/win/bin/../lib/gcc/arm-none-eabi/9.3.1/../../../../arm-none-eabi/lib/thumb/v7e-m+fp/hard\libg.a(lib_a-memchr.o)
                0x00001e40                memchr
 *fill*         0x00001ee0       0x20 
 .text          0x00001f00       0xdc c:/progra~3/matlab/suppor~1/r2022a/3p778c~1.ins/gnuarm~1.ins/win/bin/../lib/gcc/arm-none-eabi/9.3.1/../../../../arm-none-eabi/lib/thumb/v7e-m+fp/hard\libg.a(lib_a-strlen.o)
                0x00001f00                strlen
 *(.text*)
 .text.MW_digitalIO_open
                0x00001fdc       0xe0 MW_digitalIO.o
                0x00001fdc                MW_digitalIO_open
 .text.MW_digitalIO_write
                0x000020bc       0x7e MW_digitalIO.o
                0x000020bc                MW_digitalIO_write
 .text.MW_digitalIO_close
                0x0000213a       0x3c MW_digitalIO.o
                0x0000213a                MW_digitalIO_close
 *fill*         0x00002176        0x2 
 .text.baseRateTask
                0x00002178       0x7c ert_main.o
                0x00002178                baseRateTask
 .text.terminateTask
                0x000021f4       0x34 ert_main.o
                0x000021f4                terminateTask
 .text.main     0x00002228       0x48 ert_main.o
                0x00002228                main
 .text.VOOstateflow_step
                0x00002270      0x23c VOOstateflow.o
                0x00002270                VOOstateflow_step
 .text.VOOstateflow_initialize
                0x000024ac      0x2a0 VOOstateflow.o
                0x000024ac                VOOstateflow_initialize
 .text.VOOstateflow_terminate
                0x0000274c      0x1dc VOOstateflow.o
                0x0000274c                VOOstateflow_terminate
 .text.init_data_bss
                0x00002928       0xd0 startup.o
                0x00002928                init_data_bss
 .text.SystemInit
                0x000029f8      0x1dc system_MK64F12.o
                0x000029f8                SystemInit
 .text.SystemCoreClockUpdate
                0x00002bd4      0x290 system_MK64F12.o
                0x00002bd4                SystemCoreClockUpdate
 .text.PORT_HAL_SetMuxMode
                0x00002e64       0x58 board.o
 .text.SMC_HAL_SetProtection
                0x00002ebc       0x1e board.o
 *fill*         0x00002eda        0x2 
 .text.BOARD_InitOsc0
                0x00002edc       0x30 board.o
                0x00002edc                BOARD_InitOsc0
 .text.BOARD_InitRtcOsc
                0x00002f0c       0x28 board.o
                0x00002f0c                BOARD_InitRtcOsc
 .text.BOARD_ClockInit
                0x00002f34       0x34 board.o
                0x00002f34                BOARD_ClockInit
 .text.hardware_init
                0x00002f68       0x30 hardware_init.o
                0x00002f68                hardware_init
 .text.DMA0_IRQHandler
                0x00002f98        0xe fsl_edma_irq.o
                0x00002f98                DMA0_IRQHandler
 .text.DMA1_IRQHandler
                0x00002fa6        0xe fsl_edma_irq.o
                0x00002fa6                DMA1_IRQHandler
 .text.DMA2_IRQHandler
                0x00002fb4        0xe fsl_edma_irq.o
                0x00002fb4                DMA2_IRQHandler
 .text.DMA3_IRQHandler
                0x00002fc2        0xe fsl_edma_irq.o
                0x00002fc2                DMA3_IRQHandler
 .text.DMA4_IRQHandler
                0x00002fd0        0xe fsl_edma_irq.o
                0x00002fd0                DMA4_IRQHandler
 .text.DMA5_IRQHandler
                0x00002fde        0xe fsl_edma_irq.o
                0x00002fde                DMA5_IRQHandler
 .text.DMA6_IRQHandler
                0x00002fec        0xe fsl_edma_irq.o
                0x00002fec                DMA6_IRQHandler
 .text.DMA7_IRQHandler
                0x00002ffa        0xe fsl_edma_irq.o
                0x00002ffa                DMA7_IRQHandler
 .text.DMA8_IRQHandler
                0x00003008        0xe fsl_edma_irq.o
                0x00003008                DMA8_IRQHandler
 .text.DMA9_IRQHandler
                0x00003016        0xe fsl_edma_irq.o
                0x00003016                DMA9_IRQHandler
 .text.DMA10_IRQHandler
                0x00003024        0xe fsl_edma_irq.o
                0x00003024                DMA10_IRQHandler
 .text.DMA11_IRQHandler
                0x00003032        0xe fsl_edma_irq.o
                0x00003032                DMA11_IRQHandler
 .text.DMA12_IRQHandler
                0x00003040        0xe fsl_edma_irq.o
                0x00003040                DMA12_IRQHandler
 .text.DMA13_IRQHandler
                0x0000304e        0xe fsl_edma_irq.o
                0x0000304e                DMA13_IRQHandler
 .text.DMA14_IRQHandler
                0x0000305c        0xe fsl_edma_irq.o
                0x0000305c                DMA14_IRQHandler
 .text.DMA15_IRQHandler
                0x0000306a        0xe fsl_edma_irq.o
                0x0000306a                DMA15_IRQHandler
 .text.DMA_Error_IRQHandler
                0x00003078        0xe fsl_edma_irq.o
                0x00003078                DMA_Error_IRQHandler
 .text.UART0_RX_TX_IRQHandler
                0x00003086        0xe fsl_uart_irq.o
                0x00003086                UART0_RX_TX_IRQHandler
 .text.UART1_RX_TX_IRQHandler
                0x00003094        0xe fsl_uart_irq.o
                0x00003094                UART1_RX_TX_IRQHandler
 .text.UART2_RX_TX_IRQHandler
                0x000030a2        0xe fsl_uart_irq.o
                0x000030a2                UART2_RX_TX_IRQHandler
 .text.UART3_RX_TX_IRQHandler
                0x000030b0        0xe fsl_uart_irq.o
                0x000030b0                UART3_RX_TX_IRQHandler
 .text.UART4_RX_TX_IRQHandler
                0x000030be        0xe fsl_uart_irq.o
                0x000030be                UART4_RX_TX_IRQHandler
 .text.UART5_RX_TX_IRQHandler
                0x000030cc        0xe fsl_uart_irq.o
                0x000030cc                UART5_RX_TX_IRQHandler
 .text.NMI_Handler
                0x000030da        0x6 irq_stub.o
                0x000030da                NMI_Handler
 .text.HardFault_Handler
                0x000030e0        0x6 irq_stub.o
                0x000030e0                HardFault_Handler
 .text.MemManage_Handler
                0x000030e6        0x6 irq_stub.o
                0x000030e6                MemManage_Handler
 .text.BusFault_Handler
                0x000030ec        0x6 irq_stub.o
                0x000030ec                BusFault_Handler
 .text.UsageFault_Handler
                0x000030f2        0x6 irq_stub.o
                0x000030f2                UsageFault_Handler
 .text.DebugMon_Handler
                0x000030f8        0x6 irq_stub.o
                0x000030f8                DebugMon_Handler
 .text.MCM_IRQHandler
                0x000030fe        0x6 irq_stub.o
                0x000030fe                MCM_IRQHandler
 .text.FTFE_IRQHandler
                0x00003104        0x6 irq_stub.o
                0x00003104                FTFE_IRQHandler
 .text.Read_Collision_IRQHandler
                0x0000310a        0x6 irq_stub.o
                0x0000310a                Read_Collision_IRQHandler
 .text.LVD_LVW_IRQHandler
                0x00003110        0x6 irq_stub.o
                0x00003110                LVD_LVW_IRQHandler
 .text.LLWU_IRQHandler
                0x00003116        0x6 irq_stub.o
                0x00003116                LLWU_IRQHandler
 .text.WDOG_EWM_IRQHandler
                0x0000311c        0x6 irq_stub.o
                0x0000311c                WDOG_EWM_IRQHandler
 .text.RNG_IRQHandler
                0x00003122        0x6 irq_stub.o
                0x00003122                RNG_IRQHandler
 .text.I2C0_IRQHandler
                0x00003128        0x6 irq_stub.o
                0x00003128                I2C0_IRQHandler
 .text.I2C1_IRQHandler
                0x0000312e        0x6 irq_stub.o
                0x0000312e                I2C1_IRQHandler
 .text.SPI0_IRQHandler
                0x00003134        0x6 irq_stub.o
                0x00003134                SPI0_IRQHandler
 .text.SPI1_IRQHandler
                0x0000313a        0x6 irq_stub.o
                0x0000313a                SPI1_IRQHandler
 .text.I2S0_Tx_IRQHandler
                0x00003140        0x6 irq_stub.o
                0x00003140                I2S0_Tx_IRQHandler
 .text.I2S0_Rx_IRQHandler
                0x00003146        0x6 irq_stub.o
                0x00003146                I2S0_Rx_IRQHandler
 .text.UART0_LON_IRQHandler
                0x0000314c        0x6 irq_stub.o
                0x0000314c                UART0_LON_IRQHandler
 .text.UART0_ERR_IRQHandler
                0x00003152        0x6 irq_stub.o
                0x00003152                UART0_ERR_IRQHandler
 .text.UART1_ERR_IRQHandler
                0x00003158        0x6 irq_stub.o
                0x00003158                UART1_ERR_IRQHandler
 .text.UART2_ERR_IRQHandler
                0x0000315e        0x6 irq_stub.o
                0x0000315e                UART2_ERR_IRQHandler
 .text.UART3_ERR_IRQHandler
                0x00003164        0x6 irq_stub.o
                0x00003164                UART3_ERR_IRQHandler
 .text.ADC0_IRQHandler
                0x0000316a        0x6 irq_stub.o
                0x0000316a                ADC0_IRQHandler
 .text.CMP0_IRQHandler
                0x00003170        0x6 irq_stub.o
                0x00003170                CMP0_IRQHandler
 .text.CMP1_IRQHandler
                0x00003176        0x6 irq_stub.o
                0x00003176                CMP1_IRQHandler
 .text.FTM0_IRQHandler
                0x0000317c        0x6 irq_stub.o
                0x0000317c                FTM0_IRQHandler
 .text.FTM1_IRQHandler
                0x00003182        0x6 irq_stub.o
                0x00003182                FTM1_IRQHandler
 .text.FTM2_IRQHandler
                0x00003188        0x6 irq_stub.o
                0x00003188                FTM2_IRQHandler
 .text.CMT_IRQHandler
                0x0000318e        0x6 irq_stub.o
                0x0000318e                CMT_IRQHandler
 .text.RTC_IRQHandler
                0x00003194        0x6 irq_stub.o
                0x00003194                RTC_IRQHandler
 .text.RTC_Seconds_IRQHandler
                0x0000319a        0x6 irq_stub.o
                0x0000319a                RTC_Seconds_IRQHandler
 .text.PDB0_IRQHandler
                0x000031a0        0x6 irq_stub.o
                0x000031a0                PDB0_IRQHandler
 .text.USB0_IRQHandler
                0x000031a6        0x6 irq_stub.o
                0x000031a6                USB0_IRQHandler
 .text.USBDCD_IRQHandler
                0x000031ac        0x6 irq_stub.o
                0x000031ac                USBDCD_IRQHandler
 .text.Reserved71_IRQHandler
                0x000031b2        0x6 irq_stub.o
                0x000031b2                Reserved71_IRQHandler
 .text.DAC0_IRQHandler
                0x000031b8        0x6 irq_stub.o
                0x000031b8                DAC0_IRQHandler
 .text.MCG_IRQHandler
                0x000031be        0x6 irq_stub.o
                0x000031be                MCG_IRQHandler
 .text.LPTMR0_IRQHandler
                0x000031c4        0x6 irq_stub.o
                0x000031c4                LPTMR0_IRQHandler
 .text.PORTA_IRQHandler
                0x000031ca        0x6 irq_stub.o
                0x000031ca                PORTA_IRQHandler
 .text.PORTB_IRQHandler
                0x000031d0        0x6 irq_stub.o
                0x000031d0                PORTB_IRQHandler
 .text.PORTC_IRQHandler
                0x000031d6        0x6 irq_stub.o
                0x000031d6                PORTC_IRQHandler
 .text.PORTD_IRQHandler
                0x000031dc        0x6 irq_stub.o
                0x000031dc                PORTD_IRQHandler
 .text.PORTE_IRQHandler
                0x000031e2        0x6 irq_stub.o
                0x000031e2                PORTE_IRQHandler
 .text.SWI_IRQHandler
                0x000031e8        0x6 irq_stub.o
                0x000031e8                SWI_IRQHandler
 .text.SPI2_IRQHandler
                0x000031ee        0x6 irq_stub.o
                0x000031ee                SPI2_IRQHandler
 .text.UART4_ERR_IRQHandler
                0x000031f4        0x6 irq_stub.o
                0x000031f4                UART4_ERR_IRQHandler
 .text.UART5_ERR_IRQHandler
                0x000031fa        0x6 irq_stub.o
                0x000031fa                UART5_ERR_IRQHandler
 .text.CMP2_IRQHandler
                0x00003200        0x6 irq_stub.o
                0x00003200                CMP2_IRQHandler
 .text.FTM3_IRQHandler
                0x00003206        0x6 irq_stub.o
                0x00003206                FTM3_IRQHandler
 .text.DAC1_IRQHandler
                0x0000320c        0x6 irq_stub.o
                0x0000320c                DAC1_IRQHandler
 .text.ADC1_IRQHandler
                0x00003212        0x6 irq_stub.o
                0x00003212                ADC1_IRQHandler
 .text.I2C2_IRQHandler
                0x00003218        0x6 irq_stub.o
                0x00003218                I2C2_IRQHandler
 .text.CAN0_ORed_Message_buffer_IRQHandler
                0x0000321e        0x6 irq_stub.o
                0x0000321e                CAN0_ORed_Message_buffer_IRQHandler
 .text.CAN0_Bus_Off_IRQHandler
                0x00003224        0x6 irq_stub.o
                0x00003224                CAN0_Bus_Off_IRQHandler
 .text.CAN0_Error_IRQHandler
                0x0000322a        0x6 irq_stub.o
                0x0000322a                CAN0_Error_IRQHandler
 .text.CAN0_Tx_Warning_IRQHandler
                0x00003230        0x6 irq_stub.o
                0x00003230                CAN0_Tx_Warning_IRQHandler
 .text.CAN0_Rx_Warning_IRQHandler
                0x00003236        0x6 irq_stub.o
                0x00003236                CAN0_Rx_Warning_IRQHandler
 .text.CAN0_Wake_Up_IRQHandler
                0x0000323c        0x6 irq_stub.o
                0x0000323c                CAN0_Wake_Up_IRQHandler
 *fill*         0x00003242        0x2 
 .text._sbrk    0x00003244       0x5c sbrk.o
                0x00003244                _sbrk
 .text.schedulerTask
                0x000032a0       0x1c cmsis_rtos_init.o
                0x000032a0                schedulerTask
 .text.mw_initSignalEvents
                0x000032bc       0x40 cmsis_rtos_init.o
                0x000032bc                mw_initSignalEvents
 .text.mw_RTOSInit
                0x000032fc       0x8c cmsis_rtos_init.o
                0x000032fc                mw_RTOSInit
 .text.os_idle_demon
                0x00003388        0x8 RTX_Conf_CM.o
                0x00003388                os_idle_demon
 .text.os_error
                0x00003390       0x2c RTX_Conf_CM.o
                0x00003390                os_error
 .text.rt_init_robin
                0x000033bc        0x4 RTX_Conf_CM.o
                0x000033bc                rt_init_robin
 .text.rt_chk_robin
                0x000033c0        0x4 RTX_Conf_CM.o
                0x000033c0                rt_chk_robin
 .text.software_init_hook
                0x000033c4       0x34 RTX_Conf_CM.o
                0x000033c4                software_init_hook
 .text.mw_osThreadCreate
                0x000033f8       0x52 mw_thread.o
                0x000033f8                mw_osThreadCreate
 .text.mw_osThreadGetId
                0x0000344a        0xe mw_thread.o
                0x0000344a                mw_osThreadGetId
 .text.mw_osThreadExit
                0x00003458       0x22 mw_thread.o
                0x00003458                mw_osThreadExit
 .text.mw_osTimerCreate
                0x0000347a       0x4e mw_timer.o
                0x0000347a                mw_osTimerCreate
 .text.mw_osTimerStart
                0x000034c8       0x24 mw_timer.o
                0x000034c8                mw_osTimerStart
 .text.mw_osSignalSet
                0x000034ec       0x2e mw_signal.o
                0x000034ec                mw_osSignalSet
 .text.mw_osSignalClear
                0x0000351a       0x26 mw_signal.o
                0x0000351a                mw_osSignalClear
 .text.mw_osSignalWaitEver
                0x00003540       0x20 mw_signal.o
                0x00003540                mw_osSignalWaitEver
 .text.mw_osSignalEventCreate
                0x00003560       0x20 mw_signal.o
                0x00003560                mw_osSignalEventCreate
 .text.mw_osSignalEventRelease
                0x00003580       0x26 mw_signal.o
                0x00003580                mw_osSignalEventRelease
 .text.mw_osSignalEventWaitEver
                0x000035a6       0x34 mw_signal.o
                0x000035a6                mw_osSignalEventWaitEver
 *fill*         0x000035da        0x2 
 .text.osThreadExit
                0x000035dc       0x18 C:/ProgramData/MATLAB/SupportPackages/R2022a/3P.instrset/cmsis.instrset/CMSIS/RTOS/RTX/LIB/GCC/libRTX_CM4.a(rt_cmsis.o)
                0x000035dc                osThreadExit
 .text.svcKernelInitialize
                0x000035f4      0x104 C:/ProgramData/MATLAB/SupportPackages/R2022a/3P.instrset/cmsis.instrset/CMSIS/RTOS/RTX/LIB/GCC/libRTX_CM4.a(rt_cmsis.o)
                0x000035f4                svcKernelInitialize
 .text.svcKernelStart
                0x000036f8       0x48 C:/ProgramData/MATLAB/SupportPackages/R2022a/3P.instrset/cmsis.instrset/CMSIS/RTOS/RTX/LIB/GCC/libRTX_CM4.a(rt_cmsis.o)
                0x000036f8                svcKernelStart
 .text.osKernelInitialize
                0x00003740       0x28 C:/ProgramData/MATLAB/SupportPackages/R2022a/3P.instrset/cmsis.instrset/CMSIS/RTOS/RTX/LIB/GCC/libRTX_CM4.a(rt_cmsis.o)
                0x00003740                osKernelInitialize
 .text.osKernelStart
                0x00003768       0x74 C:/ProgramData/MATLAB/SupportPackages/R2022a/3P.instrset/cmsis.instrset/CMSIS/RTOS/RTX/LIB/GCC/libRTX_CM4.a(rt_cmsis.o)
                0x00003768                osKernelStart
 .text.svcThreadCreate
                0x000037dc       0x7c C:/ProgramData/MATLAB/SupportPackages/R2022a/3P.instrset/cmsis.instrset/CMSIS/RTOS/RTX/LIB/GCC/libRTX_CM4.a(rt_cmsis.o)
                0x000037dc                svcThreadCreate
 .text.svcThreadGetId
                0x00003858       0x18 C:/ProgramData/MATLAB/SupportPackages/R2022a/3P.instrset/cmsis.instrset/CMSIS/RTOS/RTX/LIB/GCC/libRTX_CM4.a(rt_cmsis.o)
                0x00003858                svcThreadGetId
 .text.svcThreadTerminate
                0x00003870       0x48 C:/ProgramData/MATLAB/SupportPackages/R2022a/3P.instrset/cmsis.instrset/CMSIS/RTOS/RTX/LIB/GCC/libRTX_CM4.a(rt_cmsis.o)
                0x00003870                svcThreadTerminate
 .text.osThreadCreate
                0x000038b8       0xa4 C:/ProgramData/MATLAB/SupportPackages/R2022a/3P.instrset/cmsis.instrset/CMSIS/RTOS/RTX/LIB/GCC/libRTX_CM4.a(rt_cmsis.o)
                0x000038b8                osThreadCreate
 .text.osThreadGetId
                0x0000395c       0x18 C:/ProgramData/MATLAB/SupportPackages/R2022a/3P.instrset/cmsis.instrset/CMSIS/RTOS/RTX/LIB/GCC/libRTX_CM4.a(rt_cmsis.o)
                0x0000395c                osThreadGetId
 .text.osThreadTerminate
                0x00003974       0x18 C:/ProgramData/MATLAB/SupportPackages/R2022a/3P.instrset/cmsis.instrset/CMSIS/RTOS/RTX/LIB/GCC/libRTX_CM4.a(rt_cmsis.o)
                0x00003974                osThreadTerminate
 .text.svcTimerCreate
                0x0000398c       0x40 C:/ProgramData/MATLAB/SupportPackages/R2022a/3P.instrset/cmsis.instrset/CMSIS/RTOS/RTX/LIB/GCC/libRTX_CM4.a(rt_cmsis.o)
                0x0000398c                svcTimerCreate
 .text.svcTimerStart
                0x000039cc       0xdc C:/ProgramData/MATLAB/SupportPackages/R2022a/3P.instrset/cmsis.instrset/CMSIS/RTOS/RTX/LIB/GCC/libRTX_CM4.a(rt_cmsis.o)
                0x000039cc                svcTimerStart
 .text.svcTimerCall
                0x00003aa8       0x18 C:/ProgramData/MATLAB/SupportPackages/R2022a/3P.instrset/cmsis.instrset/CMSIS/RTOS/RTX/LIB/GCC/libRTX_CM4.a(rt_cmsis.o)
                0x00003aa8                svcTimerCall
 .text.sysTimerTick
                0x00003ac0       0xc8 C:/ProgramData/MATLAB/SupportPackages/R2022a/3P.instrset/cmsis.instrset/CMSIS/RTOS/RTX/LIB/GCC/libRTX_CM4.a(rt_cmsis.o)
                0x00003ac0                sysTimerTick
 .text.osTimerCreate
                0x00003b88       0x68 C:/ProgramData/MATLAB/SupportPackages/R2022a/3P.instrset/cmsis.instrset/CMSIS/RTOS/RTX/LIB/GCC/libRTX_CM4.a(rt_cmsis.o)
                0x00003b88                osTimerCreate
 .text.osTimerStart
                0x00003bf0       0x18 C:/ProgramData/MATLAB/SupportPackages/R2022a/3P.instrset/cmsis.instrset/CMSIS/RTOS/RTX/LIB/GCC/libRTX_CM4.a(rt_cmsis.o)
                0x00003bf0                osTimerStart
 .text.osTimerThread
                0x00003c08       0x3c C:/ProgramData/MATLAB/SupportPackages/R2022a/3P.instrset/cmsis.instrset/CMSIS/RTOS/RTX/LIB/GCC/libRTX_CM4.a(rt_cmsis.o)
                0x00003c08                osTimerThread
 .text.svcSignalSet
                0x00003c44       0x2c C:/ProgramData/MATLAB/SupportPackages/R2022a/3P.instrset/cmsis.instrset/CMSIS/RTOS/RTX/LIB/GCC/libRTX_CM4.a(rt_cmsis.o)
                0x00003c44                svcSignalSet
 .text.svcSignalClear
                0x00003c70       0x2c C:/ProgramData/MATLAB/SupportPackages/R2022a/3P.instrset/cmsis.instrset/CMSIS/RTOS/RTX/LIB/GCC/libRTX_CM4.a(rt_cmsis.o)
                0x00003c70                svcSignalClear
 .text.svcSignalWait
                0x00003c9c      0x100 C:/ProgramData/MATLAB/SupportPackages/R2022a/3P.instrset/cmsis.instrset/CMSIS/RTOS/RTX/LIB/GCC/libRTX_CM4.a(rt_cmsis.o)
                0x00003c9c                svcSignalWait
 .text.osSignalSet
                0x00003d9c       0x40 C:/ProgramData/MATLAB/SupportPackages/R2022a/3P.instrset/cmsis.instrset/CMSIS/RTOS/RTX/LIB/GCC/libRTX_CM4.a(rt_cmsis.o)
                0x00003d9c                osSignalSet
 .text.osSignalClear
                0x00003ddc       0x1c C:/ProgramData/MATLAB/SupportPackages/R2022a/3P.instrset/cmsis.instrset/CMSIS/RTOS/RTX/LIB/GCC/libRTX_CM4.a(rt_cmsis.o)
                0x00003ddc                osSignalClear
 .text.osSignalWait
                0x00003df8       0x2c C:/ProgramData/MATLAB/SupportPackages/R2022a/3P.instrset/cmsis.instrset/CMSIS/RTOS/RTX/LIB/GCC/libRTX_CM4.a(rt_cmsis.o)
                0x00003df8                osSignalWait
 .text.svcMessageGet
                0x00003e24       0xbc C:/ProgramData/MATLAB/SupportPackages/R2022a/3P.instrset/cmsis.instrset/CMSIS/RTOS/RTX/LIB/GCC/libRTX_CM4.a(rt_cmsis.o)
                0x00003e24                svcMessageGet
 .text.rt_init_stack
                0x00003ee0       0xa8 C:/ProgramData/MATLAB/SupportPackages/R2022a/3P.instrset/cmsis.instrset/CMSIS/RTOS/RTX/LIB/GCC/libRTX_CM4.a(hal_cm.o)
                0x00003ee0                rt_init_stack
 .text.rt_ret_val
                0x00003f88       0x14 C:/ProgramData/MATLAB/SupportPackages/R2022a/3P.instrset/cmsis.instrset/CMSIS/RTOS/RTX/LIB/GCC/libRTX_CM4.a(hal_cm.o)
                0x00003f88                rt_ret_val
 .text.rt_ret_val2
                0x00003f9c       0x24 C:/ProgramData/MATLAB/SupportPackages/R2022a/3P.instrset/cmsis.instrset/CMSIS/RTOS/RTX/LIB/GCC/libRTX_CM4.a(hal_cm.o)
                0x00003f9c                rt_ret_val2
 .text.dbg_init
                0x00003fc0       0x34 C:/ProgramData/MATLAB/SupportPackages/R2022a/3P.instrset/cmsis.instrset/CMSIS/RTOS/RTX/LIB/GCC/libRTX_CM4.a(hal_cm.o)
                0x00003fc0                dbg_init
 .text.dbg_task_notify
                0x00003ff4       0x2c C:/ProgramData/MATLAB/SupportPackages/R2022a/3P.instrset/cmsis.instrset/CMSIS/RTOS/RTX/LIB/GCC/libRTX_CM4.a(hal_cm.o)
                0x00003ff4                dbg_task_notify
 .text.dbg_task_switch
                0x00004020       0x14 C:/ProgramData/MATLAB/SupportPackages/R2022a/3P.instrset/cmsis.instrset/CMSIS/RTOS/RTX/LIB/GCC/libRTX_CM4.a(hal_cm.o)
                0x00004020                dbg_task_switch
 .text.rt_init_mem
                0x00004034       0x1c C:/ProgramData/MATLAB/SupportPackages/R2022a/3P.instrset/cmsis.instrset/CMSIS/RTOS/RTX/LIB/GCC/libRTX_CM4.a(rt_memory.o)
                0x00004034                rt_init_mem
 .text.rt_alloc_mem
                0x00004050       0x48 C:/ProgramData/MATLAB/SupportPackages/R2022a/3P.instrset/cmsis.instrset/CMSIS/RTOS/RTX/LIB/GCC/libRTX_CM4.a(rt_memory.o)
                0x00004050                rt_alloc_mem
 .text.rt_free_mem
                0x00004098       0x54 C:/ProgramData/MATLAB/SupportPackages/R2022a/3P.instrset/cmsis.instrset/CMSIS/RTOS/RTX/LIB/GCC/libRTX_CM4.a(rt_memory.o)
                0x00004098                rt_free_mem
 .text._init_box
                0x000040ec       0x58 C:/ProgramData/MATLAB/SupportPackages/R2022a/3P.instrset/cmsis.instrset/CMSIS/RTOS/RTX/LIB/GCC/libRTX_CM4.a(rt_membox.o)
                0x000040ec                _init_box
 .text.rt_alloc_box
                0x00004144       0x1c C:/ProgramData/MATLAB/SupportPackages/R2022a/3P.instrset/cmsis.instrset/CMSIS/RTOS/RTX/LIB/GCC/libRTX_CM4.a(rt_membox.o)
                0x00004144                rt_alloc_box
 .text.rt_free_box
                0x00004160       0x28 C:/ProgramData/MATLAB/SupportPackages/R2022a/3P.instrset/cmsis.instrset/CMSIS/RTOS/RTX/LIB/GCC/libRTX_CM4.a(rt_membox.o)
                0x00004160                rt_free_box
 .text.rt_sem_psh
                0x00004188       0x34 C:/ProgramData/MATLAB/SupportPackages/R2022a/3P.instrset/cmsis.instrset/CMSIS/RTOS/RTX/LIB/GCC/libRTX_CM4.a(rt_semaphore.o)
                0x00004188                rt_sem_psh
 .text.rt_mbx_init
                0x000041bc       0x18 C:/ProgramData/MATLAB/SupportPackages/R2022a/3P.instrset/cmsis.instrset/CMSIS/RTOS/RTX/LIB/GCC/libRTX_CM4.a(rt_mailbox.o)
                0x000041bc                rt_mbx_init
 .text.rt_mbx_wait
                0x000041d4       0xa8 C:/ProgramData/MATLAB/SupportPackages/R2022a/3P.instrset/cmsis.instrset/CMSIS/RTOS/RTX/LIB/GCC/libRTX_CM4.a(rt_mailbox.o)
                0x000041d4                rt_mbx_wait
 .text.rt_mbx_check
                0x0000427c        0x8 C:/ProgramData/MATLAB/SupportPackages/R2022a/3P.instrset/cmsis.instrset/CMSIS/RTOS/RTX/LIB/GCC/libRTX_CM4.a(rt_mailbox.o)
                0x0000427c                rt_mbx_check
 .text.isr_mbx_send
                0x00004284       0x10 C:/ProgramData/MATLAB/SupportPackages/R2022a/3P.instrset/cmsis.instrset/CMSIS/RTOS/RTX/LIB/GCC/libRTX_CM4.a(rt_mailbox.o)
                0x00004284                isr_mbx_send
 .text.rt_mbx_psh
                0x00004294       0xe8 C:/ProgramData/MATLAB/SupportPackages/R2022a/3P.instrset/cmsis.instrset/CMSIS/RTOS/RTX/LIB/GCC/libRTX_CM4.a(rt_mailbox.o)
                0x00004294                rt_mbx_psh
 .text.rt_put_prio
                0x0000437c       0x50 C:/ProgramData/MATLAB/SupportPackages/R2022a/3P.instrset/cmsis.instrset/CMSIS/RTOS/RTX/LIB/GCC/libRTX_CM4.a(rt_list.o)
                0x0000437c                rt_put_prio
 .text.rt_get_first
                0x000043cc       0x28 C:/ProgramData/MATLAB/SupportPackages/R2022a/3P.instrset/cmsis.instrset/CMSIS/RTOS/RTX/LIB/GCC/libRTX_CM4.a(rt_list.o)
                0x000043cc                rt_get_first
 .text.rt_put_rdy_first
                0x000043f4       0x14 C:/ProgramData/MATLAB/SupportPackages/R2022a/3P.instrset/cmsis.instrset/CMSIS/RTOS/RTX/LIB/GCC/libRTX_CM4.a(rt_list.o)
                0x000043f4                rt_put_rdy_first
 .text.rt_resort_prio
                0x00004408       0xac C:/ProgramData/MATLAB/SupportPackages/R2022a/3P.instrset/cmsis.instrset/CMSIS/RTOS/RTX/LIB/GCC/libRTX_CM4.a(rt_list.o)
                0x00004408                rt_resort_prio
 .text.rt_put_dly
                0x000044b4       0x60 C:/ProgramData/MATLAB/SupportPackages/R2022a/3P.instrset/cmsis.instrset/CMSIS/RTOS/RTX/LIB/GCC/libRTX_CM4.a(rt_list.o)
                0x000044b4                rt_put_dly
 .text.rt_dec_dly
                0x00004514       0xbc C:/ProgramData/MATLAB/SupportPackages/R2022a/3P.instrset/cmsis.instrset/CMSIS/RTOS/RTX/LIB/GCC/libRTX_CM4.a(rt_list.o)
                0x00004514                rt_dec_dly
 .text.rt_rmv_list
                0x000045d0       0x2c C:/ProgramData/MATLAB/SupportPackages/R2022a/3P.instrset/cmsis.instrset/CMSIS/RTOS/RTX/LIB/GCC/libRTX_CM4.a(rt_list.o)
                0x000045d0                rt_rmv_list
 .text.rt_rmv_dly
                0x000045fc       0x30 C:/ProgramData/MATLAB/SupportPackages/R2022a/3P.instrset/cmsis.instrset/CMSIS/RTOS/RTX/LIB/GCC/libRTX_CM4.a(rt_list.o)
                0x000045fc                rt_rmv_dly
 .text.rt_psq_enq
                0x0000462c       0x44 C:/ProgramData/MATLAB/SupportPackages/R2022a/3P.instrset/cmsis.instrset/CMSIS/RTOS/RTX/LIB/GCC/libRTX_CM4.a(rt_list.o)
                0x0000462c                rt_psq_enq
 .text.rt_evt_wait
                0x00004670       0x44 C:/ProgramData/MATLAB/SupportPackages/R2022a/3P.instrset/cmsis.instrset/CMSIS/RTOS/RTX/LIB/GCC/libRTX_CM4.a(rt_event.o)
                0x00004670                rt_evt_wait
 .text.rt_evt_set
                0x000046b4       0x58 C:/ProgramData/MATLAB/SupportPackages/R2022a/3P.instrset/cmsis.instrset/CMSIS/RTOS/RTX/LIB/GCC/libRTX_CM4.a(rt_event.o)
                0x000046b4                rt_evt_set
 .text.rt_evt_clr
                0x0000470c       0x18 C:/ProgramData/MATLAB/SupportPackages/R2022a/3P.instrset/cmsis.instrset/CMSIS/RTOS/RTX/LIB/GCC/libRTX_CM4.a(rt_event.o)
                0x0000470c                rt_evt_clr
 .text.isr_evt_set
                0x00004724       0x24 C:/ProgramData/MATLAB/SupportPackages/R2022a/3P.instrset/cmsis.instrset/CMSIS/RTOS/RTX/LIB/GCC/libRTX_CM4.a(rt_event.o)
                0x00004724                isr_evt_set
 .text.rt_evt_psh
                0x00004748       0x50 C:/ProgramData/MATLAB/SupportPackages/R2022a/3P.instrset/cmsis.instrset/CMSIS/RTOS/RTX/LIB/GCC/libRTX_CM4.a(rt_event.o)
                0x00004748                rt_evt_psh
 .text.rt_psh_req
                0x00004798       0x20 C:/ProgramData/MATLAB/SupportPackages/R2022a/3P.instrset/cmsis.instrset/CMSIS/RTOS/RTX/LIB/GCC/libRTX_CM4.a(rt_system.o)
                0x00004798                rt_psh_req
 .text.rt_pop_req
                0x000047b8       0x9c C:/ProgramData/MATLAB/SupportPackages/R2022a/3P.instrset/cmsis.instrset/CMSIS/RTOS/RTX/LIB/GCC/libRTX_CM4.a(rt_system.o)
                0x000047b8                rt_pop_req
 .text.os_tick_init
                0x00004854       0x40 C:/ProgramData/MATLAB/SupportPackages/R2022a/3P.instrset/cmsis.instrset/CMSIS/RTOS/RTX/LIB/GCC/libRTX_CM4.a(rt_system.o)
                0x00004854                os_tick_init
 .text.os_tick_irqack
                0x00004894        0x4 C:/ProgramData/MATLAB/SupportPackages/R2022a/3P.instrset/cmsis.instrset/CMSIS/RTOS/RTX/LIB/GCC/libRTX_CM4.a(rt_system.o)
                0x00004894                os_tick_irqack
 .text.rt_systick
                0x00004898       0x3c C:/ProgramData/MATLAB/SupportPackages/R2022a/3P.instrset/cmsis.instrset/CMSIS/RTOS/RTX/LIB/GCC/libRTX_CM4.a(rt_system.o)
                0x00004898                rt_systick
 .text.rt_stk_check
                0x000048d4       0x24 C:/ProgramData/MATLAB/SupportPackages/R2022a/3P.instrset/cmsis.instrset/CMSIS/RTOS/RTX/LIB/GCC/libRTX_CM4.a(rt_system.o)
                0x000048d4                rt_stk_check
 .text.rt_switch_req
                0x000048f8       0x24 C:/ProgramData/MATLAB/SupportPackages/R2022a/3P.instrset/cmsis.instrset/CMSIS/RTOS/RTX/LIB/GCC/libRTX_CM4.a(rt_task.o)
                0x000048f8                rt_switch_req
 .text.rt_dispatch
                0x0000491c       0x78 C:/ProgramData/MATLAB/SupportPackages/R2022a/3P.instrset/cmsis.instrset/CMSIS/RTOS/RTX/LIB/GCC/libRTX_CM4.a(rt_task.o)
                0x0000491c                rt_dispatch
 .text.rt_block
                0x00004994       0x50 C:/ProgramData/MATLAB/SupportPackages/R2022a/3P.instrset/cmsis.instrset/CMSIS/RTOS/RTX/LIB/GCC/libRTX_CM4.a(rt_task.o)
                0x00004994                rt_block
 .text.rt_tsk_self
                0x000049e4       0x10 C:/ProgramData/MATLAB/SupportPackages/R2022a/3P.instrset/cmsis.instrset/CMSIS/RTOS/RTX/LIB/GCC/libRTX_CM4.a(rt_task.o)
                0x000049e4                rt_tsk_self
 .text.rt_tsk_prio
                0x000049f4       0xa0 C:/ProgramData/MATLAB/SupportPackages/R2022a/3P.instrset/cmsis.instrset/CMSIS/RTOS/RTX/LIB/GCC/libRTX_CM4.a(rt_task.o)
                0x000049f4                rt_tsk_prio
 .text.rt_tsk_create
                0x00004a94       0xc8 C:/ProgramData/MATLAB/SupportPackages/R2022a/3P.instrset/cmsis.instrset/CMSIS/RTOS/RTX/LIB/GCC/libRTX_CM4.a(rt_task.o)
                0x00004a94                rt_tsk_create
 .text.rt_tsk_delete
                0x00004b5c      0x1bc C:/ProgramData/MATLAB/SupportPackages/R2022a/3P.instrset/cmsis.instrset/CMSIS/RTOS/RTX/LIB/GCC/libRTX_CM4.a(rt_task.o)
                0x00004b5c                rt_tsk_delete
 .text.rt_sys_init
                0x00004d18       0xdc C:/ProgramData/MATLAB/SupportPackages/R2022a/3P.instrset/cmsis.instrset/CMSIS/RTOS/RTX/LIB/GCC/libRTX_CM4.a(rt_task.o)
                0x00004d18                rt_sys_init
 .text.rt_sys_start
                0x00004df4       0x8c C:/ProgramData/MATLAB/SupportPackages/R2022a/3P.instrset/cmsis.instrset/CMSIS/RTOS/RTX/LIB/GCC/libRTX_CM4.a(rt_task.o)
                0x00004df4                rt_sys_start
 .text.OSA_TimeInit
                0x00004e80       0x40 C:/ProgramData/MATLAB/SupportPackages/R2022a/toolbox/target/supportpackages/freedomk64f/src/ksdk_armgcc_lib/bm/libksdk_platform.a(fsl_os_abstraction_bm.o)
                0x00004e80                OSA_TimeInit
 .text.OSA_SemaPost
                0x00004ec0       0x3c C:/ProgramData/MATLAB/SupportPackages/R2022a/toolbox/target/supportpackages/freedomk64f/src/ksdk_armgcc_lib/bm/libksdk_platform.a(fsl_os_abstraction_bm.o)
                0x00004ec0                OSA_SemaPost
 .text.task_init
                0x00004efc       0x38 C:/ProgramData/MATLAB/SupportPackages/R2022a/toolbox/target/supportpackages/freedomk64f/src/ksdk_armgcc_lib/bm/libksdk_platform.a(fsl_os_abstraction_bm.o)
                0x00004efc                task_init
 .text.OSA_Init
                0x00004f34        0xe C:/ProgramData/MATLAB/SupportPackages/R2022a/toolbox/target/supportpackages/freedomk64f/src/ksdk_armgcc_lib/bm/libksdk_platform.a(fsl_os_abstraction_bm.o)
                0x00004f34                OSA_Init
 *fill*         0x00004f42        0x2 
 .text.CLOCK_SYS_SetMcgPeeToFbe
                0x00004f44       0x34 C:/ProgramData/MATLAB/SupportPackages/R2022a/toolbox/target/supportpackages/freedomk64f/src/ksdk_armgcc_lib/bm/libksdk_platform.a(fsl_clock_manager.o)
 .text.CLOCK_SYS_SetMcgMode
                0x00004f78      0x124 C:/ProgramData/MATLAB/SupportPackages/R2022a/toolbox/target/supportpackages/freedomk64f/src/ksdk_armgcc_lib/bm/libksdk_platform.a(fsl_clock_manager.o)
                0x00004f78                CLOCK_SYS_SetMcgMode
 .text.CLOCK_SYS_SetOscerConfigration
                0x0000509c       0x20 C:/ProgramData/MATLAB/SupportPackages/R2022a/toolbox/target/supportpackages/freedomk64f/src/ksdk_armgcc_lib/bm/libksdk_platform.a(fsl_clock_manager.o)
                0x0000509c                CLOCK_SYS_SetOscerConfigration
 .text.CLOCK_SYS_OscInit
                0x000050bc       0x98 C:/ProgramData/MATLAB/SupportPackages/R2022a/toolbox/target/supportpackages/freedomk64f/src/ksdk_armgcc_lib/bm/libksdk_platform.a(fsl_clock_manager.o)
                0x000050bc                CLOCK_SYS_OscInit
 .text.CLOCK_SYS_RtcOscInit
                0x00005154       0x6c C:/ProgramData/MATLAB/SupportPackages/R2022a/toolbox/target/supportpackages/freedomk64f/src/ksdk_armgcc_lib/bm/libksdk_platform.a(fsl_clock_manager.o)
                0x00005154                CLOCK_SYS_RtcOscInit
 .text.SIM_HAL_EnableClock.constprop.0
                0x000051c0       0x1c C:/ProgramData/MATLAB/SupportPackages/R2022a/toolbox/target/supportpackages/freedomk64f/src/ksdk_armgcc_lib/bm/libksdk_platform.a(fsl_clock_MK64F12.o)
 .text.CLOCK_SYS_GetCoreClockFreq
                0x000051dc       0x24 C:/ProgramData/MATLAB/SupportPackages/R2022a/toolbox/target/supportpackages/freedomk64f/src/ksdk_armgcc_lib/bm/libksdk_platform.a(fsl_clock_MK64F12.o)
                0x000051dc                CLOCK_SYS_GetCoreClockFreq
 .text.CLOCK_SYS_SetConfiguration
                0x00005200       0x94 C:/ProgramData/MATLAB/SupportPackages/R2022a/toolbox/target/supportpackages/freedomk64f/src/ksdk_armgcc_lib/bm/libksdk_platform.a(fsl_clock_MK64F12.o)
                0x00005200                CLOCK_SYS_SetConfiguration
 .text.CLOCK_SYS_FllStableDelay
                0x00005294       0x18 C:/ProgramData/MATLAB/SupportPackages/R2022a/toolbox/target/supportpackages/freedomk64f/src/ksdk_armgcc_lib/bm/libksdk_platform.a(fsl_clock_MK64F12.o)
 .text.CLOCK_SYS_EnablePortClock
                0x000052ac       0x30 C:/ProgramData/MATLAB/SupportPackages/R2022a/toolbox/target/supportpackages/freedomk64f/src/ksdk_armgcc_lib/bm/libksdk_platform.a(fsl_clock_MK64F12.o)
                0x000052ac                CLOCK_SYS_EnablePortClock
 .text.INT_SYS_EnableIRQGlobal
                0x000052dc       0x14 C:/ProgramData/MATLAB/SupportPackages/R2022a/toolbox/target/supportpackages/freedomk64f/src/ksdk_armgcc_lib/bm/libksdk_platform.a(fsl_interrupt_manager.o)
                0x000052dc                INT_SYS_EnableIRQGlobal
 .text.INT_SYS_DisableIRQGlobal
                0x000052f0       0x10 C:/ProgramData/MATLAB/SupportPackages/R2022a/toolbox/target/supportpackages/freedomk64f/src/ksdk_armgcc_lib/bm/libksdk_platform.a(fsl_interrupt_manager.o)
                0x000052f0                INT_SYS_DisableIRQGlobal
 .text.EDMA_DRV_IRQHandler
                0x00005300       0x30 C:/ProgramData/MATLAB/SupportPackages/R2022a/toolbox/target/supportpackages/freedomk64f/src/ksdk_armgcc_lib/bm/libksdk_platform.a(fsl_edma_driver.o)
                0x00005300                EDMA_DRV_IRQHandler
 .text.EDMA_DRV_ErrorIRQHandler
                0x00005330       0x8c C:/ProgramData/MATLAB/SupportPackages/R2022a/toolbox/target/supportpackages/freedomk64f/src/ksdk_armgcc_lib/bm/libksdk_platform.a(fsl_edma_driver.o)
                0x00005330                EDMA_DRV_ErrorIRQHandler
 .text.PORT_HAL_SetMuxMode.part.0
                0x000053bc       0x1c C:/ProgramData/MATLAB/SupportPackages/R2022a/toolbox/target/supportpackages/freedomk64f/src/ksdk_armgcc_lib/bm/libksdk_platform.a(fsl_gpio_driver.o)
 .text.GPIO_DRV_InputPinInit
                0x000053d8       0xe4 C:/ProgramData/MATLAB/SupportPackages/R2022a/toolbox/target/supportpackages/freedomk64f/src/ksdk_armgcc_lib/bm/libksdk_platform.a(fsl_gpio_driver.o)
                0x000053d8                GPIO_DRV_InputPinInit
 .text.GPIO_DRV_OutputPinInit
                0x000054bc       0x78 C:/ProgramData/MATLAB/SupportPackages/R2022a/toolbox/target/supportpackages/freedomk64f/src/ksdk_armgcc_lib/bm/libksdk_platform.a(fsl_gpio_driver.o)
                0x000054bc                GPIO_DRV_OutputPinInit
 .text.GPIO_DRV_WritePinOutput
                0x00005534       0x1c C:/ProgramData/MATLAB/SupportPackages/R2022a/toolbox/target/supportpackages/freedomk64f/src/ksdk_armgcc_lib/bm/libksdk_platform.a(fsl_gpio_driver.o)
                0x00005534                GPIO_DRV_WritePinOutput
 .text.LPTMR_HAL_SetTimerWorkingMode
                0x00005550       0x3c C:/ProgramData/MATLAB/SupportPackages/R2022a/toolbox/target/supportpackages/freedomk64f/src/ksdk_armgcc_lib/bm/libksdk_platform.a(fsl_lptmr_hal.o)
                0x00005550                LPTMR_HAL_SetTimerWorkingMode
 .text.LPTMR_HAL_SetPrescalerMode
                0x0000558c       0x1c C:/ProgramData/MATLAB/SupportPackages/R2022a/toolbox/target/supportpackages/freedomk64f/src/ksdk_armgcc_lib/bm/libksdk_platform.a(fsl_lptmr_hal.o)
                0x0000558c                LPTMR_HAL_SetPrescalerMode
 .text.CLOCK_HAL_TestOscFreq
                0x000055a8       0x28 C:/ProgramData/MATLAB/SupportPackages/R2022a/toolbox/target/supportpackages/freedomk64f/src/ksdk_armgcc_lib/bm/libksdk_platform.a(fsl_mcg_hal.o)
                0x000055a8                CLOCK_HAL_TestOscFreq
 .text.CLOCK_HAL_GetMcgExternalClkFreq
                0x000055d0        0xa C:/ProgramData/MATLAB/SupportPackages/R2022a/toolbox/target/supportpackages/freedomk64f/src/ksdk_armgcc_lib/bm/libksdk_platform.a(fsl_mcg_hal.o)
 .text.CLOCK_HAL_TestFllExternalRefFreq
                0x000055da       0x2c C:/ProgramData/MATLAB/SupportPackages/R2022a/toolbox/target/supportpackages/freedomk64f/src/ksdk_armgcc_lib/bm/libksdk_platform.a(fsl_mcg_hal.o)
                0x000055da                CLOCK_HAL_TestFllExternalRefFreq
 *fill*         0x00005606        0x2 
 .text.CLOCK_HAL_GetFllRefClk
                0x00005608       0x40 C:/ProgramData/MATLAB/SupportPackages/R2022a/toolbox/target/supportpackages/freedomk64f/src/ksdk_armgcc_lib/bm/libksdk_platform.a(fsl_mcg_hal.o)
                0x00005608                CLOCK_HAL_GetFllRefClk
 .text.CLOCK_HAL_TestFllFreq
                0x00005648       0x34 C:/ProgramData/MATLAB/SupportPackages/R2022a/toolbox/target/supportpackages/freedomk64f/src/ksdk_armgcc_lib/bm/libksdk_platform.a(fsl_mcg_hal.o)
                0x00005648                CLOCK_HAL_TestFllFreq
 .text.CLOCK_HAL_GetFllClk
                0x0000567c       0x3c C:/ProgramData/MATLAB/SupportPackages/R2022a/toolbox/target/supportpackages/freedomk64f/src/ksdk_armgcc_lib/bm/libksdk_platform.a(fsl_mcg_hal.o)
                0x0000567c                CLOCK_HAL_GetFllClk
 .text.CLOCK_HAL_UpdateFastClkInternalRefDiv
                0x000056b8       0x58 C:/ProgramData/MATLAB/SupportPackages/R2022a/toolbox/target/supportpackages/freedomk64f/src/ksdk_armgcc_lib/bm/libksdk_platform.a(fsl_mcg_hal.o)
                0x000056b8                CLOCK_HAL_UpdateFastClkInternalRefDiv
 .text.CLOCK_HAL_GetPll0Clk
                0x00005710       0x48 C:/ProgramData/MATLAB/SupportPackages/R2022a/toolbox/target/supportpackages/freedomk64f/src/ksdk_armgcc_lib/bm/libksdk_platform.a(fsl_mcg_hal.o)
                0x00005710                CLOCK_HAL_GetPll0Clk
 .text.CLOCK_HAL_EnablePll0InFllMode
                0x00005758       0x38 C:/ProgramData/MATLAB/SupportPackages/R2022a/toolbox/target/supportpackages/freedomk64f/src/ksdk_armgcc_lib/bm/libksdk_platform.a(fsl_mcg_hal.o)
                0x00005758                CLOCK_HAL_EnablePll0InFllMode
 .text.CLOCK_HAL_GetInternalRefClk
                0x00005790       0x40 C:/ProgramData/MATLAB/SupportPackages/R2022a/toolbox/target/supportpackages/freedomk64f/src/ksdk_armgcc_lib/bm/libksdk_platform.a(fsl_mcg_hal.o)
                0x00005790                CLOCK_HAL_GetInternalRefClk
 .text.CLOCK_HAL_GetOutClk
                0x000057d0       0x22 C:/ProgramData/MATLAB/SupportPackages/R2022a/toolbox/target/supportpackages/freedomk64f/src/ksdk_armgcc_lib/bm/libksdk_platform.a(fsl_mcg_hal.o)
                0x000057d0                CLOCK_HAL_GetOutClk
 .text.CLOCK_HAL_SetOsc0Mode
                0x000057f2       0x24 C:/ProgramData/MATLAB/SupportPackages/R2022a/toolbox/target/supportpackages/freedomk64f/src/ksdk_armgcc_lib/bm/libksdk_platform.a(fsl_mcg_hal.o)
                0x000057f2                CLOCK_HAL_SetOsc0Mode
 *fill*         0x00005816        0x2 
 .text.CLOCK_HAL_PrepareOsc
                0x00005818       0x30 C:/ProgramData/MATLAB/SupportPackages/R2022a/toolbox/target/supportpackages/freedomk64f/src/ksdk_armgcc_lib/bm/libksdk_platform.a(fsl_mcg_hal_modes.o)
 .text.CLOCK_HAL_GetMcgMode
                0x00005848       0x7c C:/ProgramData/MATLAB/SupportPackages/R2022a/toolbox/target/supportpackages/freedomk64f/src/ksdk_armgcc_lib/bm/libksdk_platform.a(fsl_mcg_hal_modes.o)
                0x00005848                CLOCK_HAL_GetMcgMode
 .text.CLOCK_HAL_SetFbiMode
                0x000058c4       0xc0 C:/ProgramData/MATLAB/SupportPackages/R2022a/toolbox/target/supportpackages/freedomk64f/src/ksdk_armgcc_lib/bm/libksdk_platform.a(fsl_mcg_hal_modes.o)
                0x000058c4                CLOCK_HAL_SetFbiMode
 .text.CLOCK_HAL_SetFbeMode
                0x00005984       0xf0 C:/ProgramData/MATLAB/SupportPackages/R2022a/toolbox/target/supportpackages/freedomk64f/src/ksdk_armgcc_lib/bm/libksdk_platform.a(fsl_mcg_hal_modes.o)
                0x00005984                CLOCK_HAL_SetFbeMode
 .text.CLOCK_HAL_SetPbeMode
                0x00005a74       0xd8 C:/ProgramData/MATLAB/SupportPackages/R2022a/toolbox/target/supportpackages/freedomk64f/src/ksdk_armgcc_lib/bm/libksdk_platform.a(fsl_mcg_hal_modes.o)
                0x00005a74                CLOCK_HAL_SetPbeMode
 .text.OSC_HAL_SetCapacitor
                0x00005b4c        0xe C:/ProgramData/MATLAB/SupportPackages/R2022a/toolbox/target/supportpackages/freedomk64f/src/ksdk_armgcc_lib/bm/libksdk_platform.a(fsl_osc_hal.o)
                0x00005b4c                OSC_HAL_SetCapacitor
 .text.CLOCK_HAL_SetOutDiv
                0x00005b5a       0x28 C:/ProgramData/MATLAB/SupportPackages/R2022a/toolbox/target/supportpackages/freedomk64f/src/ksdk_armgcc_lib/bm/libksdk_platform.a(fsl_sim_hal_MK64F12.o)
                0x00005b5a                CLOCK_HAL_SetOutDiv
 *fill*         0x00005b82        0x2 
 .text.UART_DRV_CompleteSendData
                0x00005b84       0x54 C:/ProgramData/MATLAB/SupportPackages/R2022a/toolbox/target/supportpackages/freedomk64f/src/ksdk_armgcc_lib/bm/libksdk_platform.a(fsl_uart_driver.o)
 .text.UART_DRV_CompleteReceiveData
                0x00005bd8       0x5c C:/ProgramData/MATLAB/SupportPackages/R2022a/toolbox/target/supportpackages/freedomk64f/src/ksdk_armgcc_lib/bm/libksdk_platform.a(fsl_uart_driver.o)
 .text.UART_DRV_IRQHandler
                0x00005c34       0xdc C:/ProgramData/MATLAB/SupportPackages/R2022a/toolbox/target/supportpackages/freedomk64f/src/ksdk_armgcc_lib/bm/libksdk_platform.a(fsl_uart_driver.o)
                0x00005c34                UART_DRV_IRQHandler
 .text.EDMA_HAL_SetDmaRequestCmd
                0x00005d10        0xa C:/ProgramData/MATLAB/SupportPackages/R2022a/toolbox/target/supportpackages/freedomk64f/src/ksdk_armgcc_lib/bm/libksdk_platform.a(fsl_edma_hal.o)
                0x00005d10                EDMA_HAL_SetDmaRequestCmd
 *fill*         0x00005d1a        0x2 
 .text.GPIO_HAL_SetPinDir
                0x00005d1c       0x34 C:/ProgramData/MATLAB/SupportPackages/R2022a/toolbox/target/supportpackages/freedomk64f/src/ksdk_armgcc_lib/bm/libksdk_platform.a(fsl_gpio_hal.o)
                0x00005d1c                GPIO_HAL_SetPinDir
 .text.GPIO_HAL_WritePinOutput
                0x00005d50       0x30 C:/ProgramData/MATLAB/SupportPackages/R2022a/toolbox/target/supportpackages/freedomk64f/src/ksdk_armgcc_lib/bm/libksdk_platform.a(fsl_gpio_hal.o)
                0x00005d50                GPIO_HAL_WritePinOutput
 .text.UART_HAL_Putchar
                0x00005d80        0x6 C:/ProgramData/MATLAB/SupportPackages/R2022a/toolbox/target/supportpackages/freedomk64f/src/ksdk_armgcc_lib/bm/libksdk_platform.a(fsl_uart_hal.o)
                0x00005d80                UART_HAL_Putchar
 .text.UART_HAL_Getchar
                0x00005d86        0x8 C:/ProgramData/MATLAB/SupportPackages/R2022a/toolbox/target/supportpackages/freedomk64f/src/ksdk_armgcc_lib/bm/libksdk_platform.a(fsl_uart_hal.o)
                0x00005d86                UART_HAL_Getchar
 .text.UART_HAL_SetIntMode
                0x00005d8e       0x66 C:/ProgramData/MATLAB/SupportPackages/R2022a/toolbox/target/supportpackages/freedomk64f/src/ksdk_armgcc_lib/bm/libksdk_platform.a(fsl_uart_hal.o)
                0x00005d8e                UART_HAL_SetIntMode
 .text.UART_HAL_GetStatusFlag
                0x00005df4       0x30 C:/ProgramData/MATLAB/SupportPackages/R2022a/toolbox/target/supportpackages/freedomk64f/src/ksdk_armgcc_lib/bm/libksdk_platform.a(fsl_uart_hal.o)
                0x00005df4                UART_HAL_GetStatusFlag
 .text.UART_HAL_ClearStatusFlag
                0x00005e24       0x7a C:/ProgramData/MATLAB/SupportPackages/R2022a/toolbox/target/supportpackages/freedomk64f/src/ksdk_armgcc_lib/bm/libksdk_platform.a(fsl_uart_hal.o)
                0x00005e24                UART_HAL_ClearStatusFlag
 *fill*         0x00005e9e        0x2 
 .text.ceil     0x00005ea0      0x100 c:/progra~3/matlab/suppor~1/r2022a/3p778c~1.ins/gnuarm~1.ins/win/bin/../lib/gcc/arm-none-eabi/9.3.1/../../../../arm-none-eabi/lib/thumb/v7e-m+fp/hard\libm.a(lib_a-s_ceil.o)
                0x00005ea0                ceil
 .text.abort    0x00005fa0       0x10 c:/progra~3/matlab/suppor~1/r2022a/3p778c~1.ins/gnuarm~1.ins/win/bin/../lib/gcc/arm-none-eabi/9.3.1/../../../../arm-none-eabi/lib/thumb/v7e-m+fp/hard\libg.a(lib_a-abort.o)
                0x00005fa0                abort
 .text.__assert_func
                0x00005fb0       0x3c c:/progra~3/matlab/suppor~1/r2022a/3p778c~1.ins/gnuarm~1.ins/win/bin/../lib/gcc/arm-none-eabi/9.3.1/../../../../arm-none-eabi/lib/thumb/v7e-m+fp/hard\libg.a(lib_a-assert.o)
                0x00005fb0                __assert_func
 .text.atexit   0x00005fec        0xc c:/progra~3/matlab/suppor~1/r2022a/3p778c~1.ins/gnuarm~1.ins/win/bin/../lib/gcc/arm-none-eabi/9.3.1/../../../../arm-none-eabi/lib/thumb/v7e-m+fp/hard\libg.a(lib_a-atexit.o)
                0x00005fec                atexit
 .text.__errno  0x00005ff8        0xc c:/progra~3/matlab/suppor~1/r2022a/3p778c~1.ins/gnuarm~1.ins/win/bin/../lib/gcc/arm-none-eabi/9.3.1/../../../../arm-none-eabi/lib/thumb/v7e-m+fp/hard\libg.a(lib_a-errno.o)
                0x00005ff8                __errno
 .text.exit     0x00006004       0x20 c:/progra~3/matlab/suppor~1/r2022a/3p778c~1.ins/gnuarm~1.ins/win/bin/../lib/gcc/arm-none-eabi/9.3.1/../../../../arm-none-eabi/lib/thumb/v7e-m+fp/hard\libg.a(lib_a-exit.o)
                0x00006004                exit
 .text.__libc_fini_array
                0x00006024       0x2c c:/progra~3/matlab/suppor~1/r2022a/3p778c~1.ins/gnuarm~1.ins/win/bin/../lib/gcc/arm-none-eabi/9.3.1/../../../../arm-none-eabi/lib/thumb/v7e-m+fp/hard\libg.a(lib_a-fini.o)
                0x00006024                __libc_fini_array
 .text.fiprintf
                0x00006050       0x28 c:/progra~3/matlab/suppor~1/r2022a/3p778c~1.ins/gnuarm~1.ins/win/bin/../lib/gcc/arm-none-eabi/9.3.1/../../../../arm-none-eabi/lib/thumb/v7e-m+fp/hard\libg.a(lib_a-fiprintf.o)
                0x00006050                fiprintf
 .text.__libc_init_array
                0x00006078       0x48 c:/progra~3/matlab/suppor~1/r2022a/3p778c~1.ins/gnuarm~1.ins/win/bin/../lib/gcc/arm-none-eabi/9.3.1/../../../../arm-none-eabi/lib/thumb/v7e-m+fp/hard\libg.a(lib_a-init.o)
                0x00006078                __libc_init_array
 .text._malloc_r
                0x000060c0      0x574 c:/progra~3/matlab/suppor~1/r2022a/3p778c~1.ins/gnuarm~1.ins/win/bin/../lib/gcc/arm-none-eabi/9.3.1/../../../../arm-none-eabi/lib/thumb/v7e-m+fp/hard\libg.a(lib_a-mallocr.o)
                0x000060c0                _malloc_r
 .text.memset   0x00006634       0xa0 c:/progra~3/matlab/suppor~1/r2022a/3p778c~1.ins/gnuarm~1.ins/win/bin/../lib/gcc/arm-none-eabi/9.3.1/../../../../arm-none-eabi/lib/thumb/v7e-m+fp/hard\libg.a(lib_a-memset.o)
                0x00006634                memset
 .text.__malloc_lock
                0x000066d4        0xc c:/progra~3/matlab/suppor~1/r2022a/3p778c~1.ins/gnuarm~1.ins/win/bin/../lib/gcc/arm-none-eabi/9.3.1/../../../../arm-none-eabi/lib/thumb/v7e-m+fp/hard\libg.a(lib_a-mlock.o)
                0x000066d4                __malloc_lock
 .text.__malloc_unlock
                0x000066e0        0xc c:/progra~3/matlab/suppor~1/r2022a/3p778c~1.ins/gnuarm~1.ins/win/bin/../lib/gcc/arm-none-eabi/9.3.1/../../../../arm-none-eabi/lib/thumb/v7e-m+fp/hard\libg.a(lib_a-mlock.o)
                0x000066e0                __malloc_unlock
 .text._sbrk_r  0x000066ec       0x24 c:/progra~3/matlab/suppor~1/r2022a/3p778c~1.ins/gnuarm~1.ins/win/bin/../lib/gcc/arm-none-eabi/9.3.1/../../../../arm-none-eabi/lib/thumb/v7e-m+fp/hard\libg.a(lib_a-sbrkr.o)
                0x000066ec                _sbrk_r
 .text._raise_r
                0x00006710       0x58 c:/progra~3/matlab/suppor~1/r2022a/3p778c~1.ins/gnuarm~1.ins/win/bin/../lib/gcc/arm-none-eabi/9.3.1/../../../../arm-none-eabi/lib/thumb/v7e-m+fp/hard\libg.a(lib_a-signal.o)
                0x00006710                _raise_r
 .text.raise    0x00006768       0x10 c:/progra~3/matlab/suppor~1/r2022a/3p778c~1.ins/gnuarm~1.ins/win/bin/../lib/gcc/arm-none-eabi/9.3.1/../../../../arm-none-eabi/lib/thumb/v7e-m+fp/hard\libg.a(lib_a-signal.o)
                0x00006768                raise
 .text._kill_r  0x00006778       0x2c c:/progra~3/matlab/suppor~1/r2022a/3p778c~1.ins/gnuarm~1.ins/win/bin/../lib/gcc/arm-none-eabi/9.3.1/../../../../arm-none-eabi/lib/thumb/v7e-m+fp/hard\libg.a(lib_a-signalr.o)
                0x00006778                _kill_r
 .text._getpid_r
                0x000067a4        0x4 c:/progra~3/matlab/suppor~1/r2022a/3p778c~1.ins/gnuarm~1.ins/win/bin/../lib/gcc/arm-none-eabi/9.3.1/../../../../arm-none-eabi/lib/thumb/v7e-m+fp/hard\libg.a(lib_a-signalr.o)
                0x000067a4                _getpid_r
 .text.__sprint_r.part.0
                0x000067a8       0x78 c:/progra~3/matlab/suppor~1/r2022a/3p778c~1.ins/gnuarm~1.ins/win/bin/../lib/gcc/arm-none-eabi/9.3.1/../../../../arm-none-eabi/lib/thumb/v7e-m+fp/hard\libg.a(lib_a-vfiprintf.o)
 .text._vfiprintf_r
                0x00006820      0xd4c c:/progra~3/matlab/suppor~1/r2022a/3p778c~1.ins/gnuarm~1.ins/win/bin/../lib/gcc/arm-none-eabi/9.3.1/../../../../arm-none-eabi/lib/thumb/v7e-m+fp/hard\libg.a(lib_a-vfiprintf.o)
                0x00006820                _vfiprintf_r
 .text.__sbprintf
                0x0000756c       0x84 c:/progra~3/matlab/suppor~1/r2022a/3p778c~1.ins/gnuarm~1.ins/win/bin/../lib/gcc/arm-none-eabi/9.3.1/../../../../arm-none-eabi/lib/thumb/v7e-m+fp/hard\libg.a(lib_a-vfiprintf.o)
 .text.__swsetup_r
                0x000075f0       0xd0 c:/progra~3/matlab/suppor~1/r2022a/3p778c~1.ins/gnuarm~1.ins/win/bin/../lib/gcc/arm-none-eabi/9.3.1/../../../../arm-none-eabi/lib/thumb/v7e-m+fp/hard\libg.a(lib_a-wsetup.o)
                0x000075f0                __swsetup_r
 .text.__register_exitproc
                0x000076c0       0x8c c:/progra~3/matlab/suppor~1/r2022a/3p778c~1.ins/gnuarm~1.ins/win/bin/../lib/gcc/arm-none-eabi/9.3.1/../../../../arm-none-eabi/lib/thumb/v7e-m+fp/hard\libg.a(lib_a-__atexit.o)
                0x000076c0                __register_exitproc
 .text.startup.register_fini
                0x0000774c       0x14 c:/progra~3/matlab/suppor~1/r2022a/3p778c~1.ins/gnuarm~1.ins/win/bin/../lib/gcc/arm-none-eabi/9.3.1/../../../../arm-none-eabi/lib/thumb/v7e-m+fp/hard\libg.a(lib_a-__call_atexit.o)
 .text.__call_exitprocs
                0x00007760       0xcc c:/progra~3/matlab/suppor~1/r2022a/3p778c~1.ins/gnuarm~1.ins/win/bin/../lib/gcc/arm-none-eabi/9.3.1/../../../../arm-none-eabi/lib/thumb/v7e-m+fp/hard\libg.a(lib_a-__call_atexit.o)
                0x00007760                __call_exitprocs
 .text.__sflush_r
                0x0000782c      0x130 c:/progra~3/matlab/suppor~1/r2022a/3p778c~1.ins/gnuarm~1.ins/win/bin/../lib/gcc/arm-none-eabi/9.3.1/../../../../arm-none-eabi/lib/thumb/v7e-m+fp/hard\libg.a(lib_a-fflush.o)
                0x0000782c                __sflush_r
 .text._fflush_r
                0x0000795c       0x5c c:/progra~3/matlab/suppor~1/r2022a/3p778c~1.ins/gnuarm~1.ins/win/bin/../lib/gcc/arm-none-eabi/9.3.1/../../../../arm-none-eabi/lib/thumb/v7e-m+fp/hard\libg.a(lib_a-fflush.o)
                0x0000795c                _fflush_r
 .text.std      0x000079b8       0x50 c:/progra~3/matlab/suppor~1/r2022a/3p778c~1.ins/gnuarm~1.ins/win/bin/../lib/gcc/arm-none-eabi/9.3.1/../../../../arm-none-eabi/lib/thumb/v7e-m+fp/hard\libg.a(lib_a-findfp.o)
 .text._cleanup_r
                0x00007a08        0xc c:/progra~3/matlab/suppor~1/r2022a/3p778c~1.ins/gnuarm~1.ins/win/bin/../lib/gcc/arm-none-eabi/9.3.1/../../../../arm-none-eabi/lib/thumb/v7e-m+fp/hard\libg.a(lib_a-findfp.o)
                0x00007a08                _cleanup_r
 .text.__sinit  0x00007a14       0x54 c:/progra~3/matlab/suppor~1/r2022a/3p778c~1.ins/gnuarm~1.ins/win/bin/../lib/gcc/arm-none-eabi/9.3.1/../../../../arm-none-eabi/lib/thumb/v7e-m+fp/hard\libg.a(lib_a-findfp.o)
                0x00007a14                __sinit
 .text.__sfp_lock_acquire
                0x00007a68        0xc c:/progra~3/matlab/suppor~1/r2022a/3p778c~1.ins/gnuarm~1.ins/win/bin/../lib/gcc/arm-none-eabi/9.3.1/../../../../arm-none-eabi/lib/thumb/v7e-m+fp/hard\libg.a(lib_a-findfp.o)
                0x00007a68                __sfp_lock_acquire
 .text.__sfp_lock_release
                0x00007a74        0xc c:/progra~3/matlab/suppor~1/r2022a/3p778c~1.ins/gnuarm~1.ins/win/bin/../lib/gcc/arm-none-eabi/9.3.1/../../../../arm-none-eabi/lib/thumb/v7e-m+fp/hard\libg.a(lib_a-findfp.o)
                0x00007a74                __sfp_lock_release
 .text.__fputwc
                0x00007a80       0xa8 c:/progra~3/matlab/suppor~1/r2022a/3p778c~1.ins/gnuarm~1.ins/win/bin/../lib/gcc/arm-none-eabi/9.3.1/../../../../arm-none-eabi/lib/thumb/v7e-m+fp/hard\libg.a(lib_a-fputwc.o)
                0x00007a80                __fputwc
 .text._fputwc_r
                0x00007b28       0x68 c:/progra~3/matlab/suppor~1/r2022a/3p778c~1.ins/gnuarm~1.ins/win/bin/../lib/gcc/arm-none-eabi/9.3.1/../../../../arm-none-eabi/lib/thumb/v7e-m+fp/hard\libg.a(lib_a-fputwc.o)
                0x00007b28                _fputwc_r
 .text._malloc_trim_r
                0x00007b90       0xa0 c:/progra~3/matlab/suppor~1/r2022a/3p778c~1.ins/gnuarm~1.ins/win/bin/../lib/gcc/arm-none-eabi/9.3.1/../../../../arm-none-eabi/lib/thumb/v7e-m+fp/hard\libg.a(lib_a-freer.o)
                0x00007b90                _malloc_trim_r
 .text._free_r  0x00007c30      0x208 c:/progra~3/matlab/suppor~1/r2022a/3p778c~1.ins/gnuarm~1.ins/win/bin/../lib/gcc/arm-none-eabi/9.3.1/../../../../arm-none-eabi/lib/thumb/v7e-m+fp/hard\libg.a(lib_a-freer.o)
                0x00007c30                _free_r
 .text.__sfvwrite_r
                0x00007e38      0x2e0 c:/progra~3/matlab/suppor~1/r2022a/3p778c~1.ins/gnuarm~1.ins/win/bin/../lib/gcc/arm-none-eabi/9.3.1/../../../../arm-none-eabi/lib/thumb/v7e-m+fp/hard\libg.a(lib_a-fvwrite.o)
                0x00007e38                __sfvwrite_r
 .text._fwalk_reent
                0x00008118       0x48 c:/progra~3/matlab/suppor~1/r2022a/3p778c~1.ins/gnuarm~1.ins/win/bin/../lib/gcc/arm-none-eabi/9.3.1/../../../../arm-none-eabi/lib/thumb/v7e-m+fp/hard\libg.a(lib_a-fwalk.o)
                0x00008118                _fwalk_reent
 .text.__locale_mb_cur_max
                0x00008160        0xc c:/progra~3/matlab/suppor~1/r2022a/3p778c~1.ins/gnuarm~1.ins/win/bin/../lib/gcc/arm-none-eabi/9.3.1/../../../../arm-none-eabi/lib/thumb/v7e-m+fp/hard\libg.a(lib_a-locale.o)
                0x00008160                __locale_mb_cur_max
 .text._localeconv_r
                0x0000816c        0x8 c:/progra~3/matlab/suppor~1/r2022a/3p778c~1.ins/gnuarm~1.ins/win/bin/../lib/gcc/arm-none-eabi/9.3.1/../../../../arm-none-eabi/lib/thumb/v7e-m+fp/hard\libg.a(lib_a-localeconv.o)
                0x0000816c                _localeconv_r
 .text.__retarget_lock_init_recursive
                0x00008174        0x4 c:/progra~3/matlab/suppor~1/r2022a/3p778c~1.ins/gnuarm~1.ins/win/bin/../lib/gcc/arm-none-eabi/9.3.1/../../../../arm-none-eabi/lib/thumb/v7e-m+fp/hard\libg.a(lib_a-lock.o)
                0x00008174                __retarget_lock_init_recursive
 .text.__retarget_lock_close_recursive
                0x00008178        0x4 c:/progra~3/matlab/suppor~1/r2022a/3p778c~1.ins/gnuarm~1.ins/win/bin/../lib/gcc/arm-none-eabi/9.3.1/../../../../arm-none-eabi/lib/thumb/v7e-m+fp/hard\libg.a(lib_a-lock.o)
                0x00008178                __retarget_lock_close_recursive
 .text.__retarget_lock_acquire_recursive
                0x0000817c        0x4 c:/progra~3/matlab/suppor~1/r2022a/3p778c~1.ins/gnuarm~1.ins/win/bin/../lib/gcc/arm-none-eabi/9.3.1/../../../../arm-none-eabi/lib/thumb/v7e-m+fp/hard\libg.a(lib_a-lock.o)
                0x0000817c                __retarget_lock_acquire_recursive
 .text.__retarget_lock_release_recursive
                0x00008180        0x4 c:/progra~3/matlab/suppor~1/r2022a/3p778c~1.ins/gnuarm~1.ins/win/bin/../lib/gcc/arm-none-eabi/9.3.1/../../../../arm-none-eabi/lib/thumb/v7e-m+fp/hard\libg.a(lib_a-lock.o)
                0x00008180                __retarget_lock_release_recursive
 .text.__swhatbuf_r
                0x00008184       0x5c c:/progra~3/matlab/suppor~1/r2022a/3p778c~1.ins/gnuarm~1.ins/win/bin/../lib/gcc/arm-none-eabi/9.3.1/../../../../arm-none-eabi/lib/thumb/v7e-m+fp/hard\libg.a(lib_a-makebuf.o)
                0x00008184                __swhatbuf_r
 .text.__smakebuf_r
                0x000081e0       0x98 c:/progra~3/matlab/suppor~1/r2022a/3p778c~1.ins/gnuarm~1.ins/win/bin/../lib/gcc/arm-none-eabi/9.3.1/../../../../arm-none-eabi/lib/thumb/v7e-m+fp/hard\libg.a(lib_a-makebuf.o)
                0x000081e0                __smakebuf_r
 .text.__ascii_mbtowc
                0x00008278       0x2c c:/progra~3/matlab/suppor~1/r2022a/3p778c~1.ins/gnuarm~1.ins/win/bin/../lib/gcc/arm-none-eabi/9.3.1/../../../../arm-none-eabi/lib/thumb/v7e-m+fp/hard\libg.a(lib_a-mbtowc_r.o)
                0x00008278                __ascii_mbtowc
 .text.memmove  0x000082a4       0xd8 c:/progra~3/matlab/suppor~1/r2022a/3p778c~1.ins/gnuarm~1.ins/win/bin/../lib/gcc/arm-none-eabi/9.3.1/../../../../arm-none-eabi/lib/thumb/v7e-m+fp/hard\libg.a(lib_a-memmove.o)
                0x000082a4                memmove
 .text._realloc_r
                0x0000837c      0x3e0 c:/progra~3/matlab/suppor~1/r2022a/3p778c~1.ins/gnuarm~1.ins/win/bin/../lib/gcc/arm-none-eabi/9.3.1/../../../../arm-none-eabi/lib/thumb/v7e-m+fp/hard\libg.a(lib_a-reallocr.o)
                0x0000837c                _realloc_r
 .text.__sread  0x0000875c       0x24 c:/progra~3/matlab/suppor~1/r2022a/3p778c~1.ins/gnuarm~1.ins/win/bin/../lib/gcc/arm-none-eabi/9.3.1/../../../../arm-none-eabi/lib/thumb/v7e-m+fp/hard\libg.a(lib_a-stdio.o)
                0x0000875c                __sread
 .text.__swrite
                0x00008780       0x40 c:/progra~3/matlab/suppor~1/r2022a/3p778c~1.ins/gnuarm~1.ins/win/bin/../lib/gcc/arm-none-eabi/9.3.1/../../../../arm-none-eabi/lib/thumb/v7e-m+fp/hard\libg.a(lib_a-stdio.o)
                0x00008780                __swrite
 .text.__sseek  0x000087c0       0x20 c:/progra~3/matlab/suppor~1/r2022a/3p778c~1.ins/gnuarm~1.ins/win/bin/../lib/gcc/arm-none-eabi/9.3.1/../../../../arm-none-eabi/lib/thumb/v7e-m+fp/hard\libg.a(lib_a-stdio.o)
                0x000087c0                __sseek
 .text.__sclose
                0x000087e0        0x8 c:/progra~3/matlab/suppor~1/r2022a/3p778c~1.ins/gnuarm~1.ins/win/bin/../lib/gcc/arm-none-eabi/9.3.1/../../../../arm-none-eabi/lib/thumb/v7e-m+fp/hard\libg.a(lib_a-stdio.o)
                0x000087e0                __sclose
 .text.strncpy  0x000087e8       0x68 c:/progra~3/matlab/suppor~1/r2022a/3p778c~1.ins/gnuarm~1.ins/win/bin/../lib/gcc/arm-none-eabi/9.3.1/../../../../arm-none-eabi/lib/thumb/v7e-m+fp/hard\libg.a(lib_a-strncpy.o)
                0x000087e8                strncpy
 .text.__swbuf_r
                0x00008850       0xb0 c:/progra~3/matlab/suppor~1/r2022a/3p778c~1.ins/gnuarm~1.ins/win/bin/../lib/gcc/arm-none-eabi/9.3.1/../../../../arm-none-eabi/lib/thumb/v7e-m+fp/hard\libg.a(lib_a-wbuf.o)
                0x00008850                __swbuf_r
 .text._wcrtomb_r
                0x00008900       0x3c c:/progra~3/matlab/suppor~1/r2022a/3p778c~1.ins/gnuarm~1.ins/win/bin/../lib/gcc/arm-none-eabi/9.3.1/../../../../arm-none-eabi/lib/thumb/v7e-m+fp/hard\libg.a(lib_a-wcrtomb.o)
                0x00008900                _wcrtomb_r
 .text.__ascii_wctomb
                0x0000893c       0x1c c:/progra~3/matlab/suppor~1/r2022a/3p778c~1.ins/gnuarm~1.ins/win/bin/../lib/gcc/arm-none-eabi/9.3.1/../../../../arm-none-eabi/lib/thumb/v7e-m+fp/hard\libg.a(lib_a-wctomb_r.o)
                0x0000893c                __ascii_wctomb
 .text._write_r
                0x00008958       0x2c c:/progra~3/matlab/suppor~1/r2022a/3p778c~1.ins/gnuarm~1.ins/win/bin/../lib/gcc/arm-none-eabi/9.3.1/../../../../arm-none-eabi/lib/thumb/v7e-m+fp/hard\libg.a(lib_a-writer.o)
                0x00008958                _write_r
 .text._close_r
                0x00008984       0x24 c:/progra~3/matlab/suppor~1/r2022a/3p778c~1.ins/gnuarm~1.ins/win/bin/../lib/gcc/arm-none-eabi/9.3.1/../../../../arm-none-eabi/lib/thumb/v7e-m+fp/hard\libg.a(lib_a-closer.o)
                0x00008984                _close_r
 .text._fclose_r
                0x000089a8       0xcc c:/progra~3/matlab/suppor~1/r2022a/3p778c~1.ins/gnuarm~1.ins/win/bin/../lib/gcc/arm-none-eabi/9.3.1/../../../../arm-none-eabi/lib/thumb/v7e-m+fp/hard\libg.a(lib_a-fclose.o)
                0x000089a8                _fclose_r
 .text._fstat_r
                0x00008a74       0x2c c:/progra~3/matlab/suppor~1/r2022a/3p778c~1.ins/gnuarm~1.ins/win/bin/../lib/gcc/arm-none-eabi/9.3.1/../../../../arm-none-eabi/lib/thumb/v7e-m+fp/hard\libg.a(lib_a-fstatr.o)
                0x00008a74                _fstat_r
 .text._isatty_r
                0x00008aa0       0x24 c:/progra~3/matlab/suppor~1/r2022a/3p778c~1.ins/gnuarm~1.ins/win/bin/../lib/gcc/arm-none-eabi/9.3.1/../../../../arm-none-eabi/lib/thumb/v7e-m+fp/hard\libg.a(lib_a-isattyr.o)
                0x00008aa0                _isatty_r
 .text._lseek_r
                0x00008ac4       0x2c c:/progra~3/matlab/suppor~1/r2022a/3p778c~1.ins/gnuarm~1.ins/win/bin/../lib/gcc/arm-none-eabi/9.3.1/../../../../arm-none-eabi/lib/thumb/v7e-m+fp/hard\libg.a(lib_a-lseekr.o)
                0x00008ac4                _lseek_r
 .text._read_r  0x00008af0       0x2c c:/progra~3/matlab/suppor~1/r2022a/3p778c~1.ins/gnuarm~1.ins/win/bin/../lib/gcc/arm-none-eabi/9.3.1/../../../../arm-none-eabi/lib/thumb/v7e-m+fp/hard\libg.a(lib_a-readr.o)
                0x00008af0                _read_r
 .text._close   0x00008b1c       0x10 c:/progra~3/matlab/suppor~1/r2022a/3p778c~1.ins/gnuarm~1.ins/win/bin/../lib/gcc/arm-none-eabi/9.3.1/../../../../arm-none-eabi/lib/thumb/v7e-m+fp/hard\libnosys.a(close.o)
                0x00008b1c                _close
 .text._fstat   0x00008b2c       0x10 c:/progra~3/matlab/suppor~1/r2022a/3p778c~1.ins/gnuarm~1.ins/win/bin/../lib/gcc/arm-none-eabi/9.3.1/../../../../arm-none-eabi/lib/thumb/v7e-m+fp/hard\libnosys.a(fstat.o)
                0x00008b2c                _fstat
 .text._getpid  0x00008b3c       0x10 c:/progra~3/matlab/suppor~1/r2022a/3p778c~1.ins/gnuarm~1.ins/win/bin/../lib/gcc/arm-none-eabi/9.3.1/../../../../arm-none-eabi/lib/thumb/v7e-m+fp/hard\libnosys.a(getpid.o)
                0x00008b3c                _getpid
 .text._isatty  0x00008b4c       0x10 c:/progra~3/matlab/suppor~1/r2022a/3p778c~1.ins/gnuarm~1.ins/win/bin/../lib/gcc/arm-none-eabi/9.3.1/../../../../arm-none-eabi/lib/thumb/v7e-m+fp/hard\libnosys.a(isatty.o)
                0x00008b4c                _isatty
 .text._kill    0x00008b5c       0x10 c:/progra~3/matlab/suppor~1/r2022a/3p778c~1.ins/gnuarm~1.ins/win/bin/../lib/gcc/arm-none-eabi/9.3.1/../../../../arm-none-eabi/lib/thumb/v7e-m+fp/hard\libnosys.a(kill.o)
                0x00008b5c                _kill
 .text._lseek   0x00008b6c       0x10 c:/progra~3/matlab/suppor~1/r2022a/3p778c~1.ins/gnuarm~1.ins/win/bin/../lib/gcc/arm-none-eabi/9.3.1/../../../../arm-none-eabi/lib/thumb/v7e-m+fp/hard\libnosys.a(lseek.o)
                0x00008b6c                _lseek
 .text._read    0x00008b7c       0x10 c:/progra~3/matlab/suppor~1/r2022a/3p778c~1.ins/gnuarm~1.ins/win/bin/../lib/gcc/arm-none-eabi/9.3.1/../../../../arm-none-eabi/lib/thumb/v7e-m+fp/hard\libnosys.a(read.o)
                0x00008b7c                _read
 .text._write   0x00008b8c       0x10 c:/progra~3/matlab/suppor~1/r2022a/3p778c~1.ins/gnuarm~1.ins/win/bin/../lib/gcc/arm-none-eabi/9.3.1/../../../../arm-none-eabi/lib/thumb/v7e-m+fp/hard\libnosys.a(write.o)
                0x00008b8c                _write
 .text._exit    0x00008b9c        0x4 c:/progra~3/matlab/suppor~1/r2022a/3p778c~1.ins/gnuarm~1.ins/win/bin/../lib/gcc/arm-none-eabi/9.3.1/../../../../arm-none-eabi/lib/thumb/v7e-m+fp/hard\libnosys.a(_exit.o)
                0x00008b9c                _exit
 *(.rodata)
 .rodata        0x00008ba0       0x50 board.o
 *(.rodata*)
 .rodata.VOOstateflow_M
                0x00008bf0        0x4 VOOstateflow.o
                0x00008bf0                VOOstateflow_M
 .rodata.g_defaultClockConfigRun
                0x00008bf4       0x16 board.o
                0x00008bf4                g_defaultClockConfigRun
 *fill*         0x00008c0a        0x2 
 .rodata.__func__.7550
                0x00008c0c       0x14 board.o
 .rodata.os_maxtaskrun
                0x00008c20        0x2 RTX_Conf_CM.o
                0x00008c20                os_maxtaskrun
 *fill*         0x00008c22        0x2 
 .rodata.os_stackinfo
                0x00008c24        0x4 RTX_Conf_CM.o
                0x00008c24                os_stackinfo
 .rodata.os_trv
                0x00008c28        0x4 RTX_Conf_CM.o
                0x00008c28                os_trv
 .rodata.os_flags
                0x00008c2c        0x1 RTX_Conf_CM.o
                0x00008c2c                os_flags
 *fill*         0x00008c2d        0x3 
 .rodata.os_clockrate
                0x00008c30        0x4 RTX_Conf_CM.o
                0x00008c30                os_clockrate
 .rodata.mp_tcb_size
                0x00008c34        0x2 RTX_Conf_CM.o
                0x00008c34                mp_tcb_size
 *fill*         0x00008c36        0x2 
 .rodata.mp_stk_size
                0x00008c38        0x4 RTX_Conf_CM.o
                0x00008c38                mp_stk_size
 .rodata.os_stack_sz
                0x00008c3c        0x4 RTX_Conf_CM.o
                0x00008c3c                os_stack_sz
 .rodata.os_fifo_size
                0x00008c40        0x1 RTX_Conf_CM.o
                0x00008c40                os_fifo_size
 *fill*         0x00008c41        0x3 
 .rodata.os_thread_def_osTimerThread
                0x00008c44       0x10 RTX_Conf_CM.o
                0x00008c44                os_thread_def_osTimerThread
 .rodata.os_messageQ_def_osTimerMessageQ
                0x00008c54        0x8 RTX_Conf_CM.o
                0x00008c54                os_messageQ_def_osTimerMessageQ
 .rodata.mp_tmr_size
                0x00008c5c        0x2 RTX_Conf_CM.o
                0x00008c5c                mp_tmr_size
 *fill*         0x00008c5e        0x2 
 .rodata.os_thread_def_main
                0x00008c60       0x10 RTX_Conf_CM.o
                0x00008c60                os_thread_def_main
 .rodata.OSA_SemaCreate.str1.1
                0x00008c70       0x45 C:/ProgramData/MATLAB/SupportPackages/R2022a/toolbox/target/supportpackages/freedomk64f/src/ksdk_armgcc_lib/bm/libksdk_platform.a(fsl_os_abstraction_bm.o)
 .rodata.__func__.9377
                0x00008cb5        0xd C:/ProgramData/MATLAB/SupportPackages/R2022a/toolbox/target/supportpackages/freedomk64f/src/ksdk_armgcc_lib/bm/libksdk_platform.a(fsl_os_abstraction_bm.o)
 .rodata.CLOCK_SYS_Init.str1.1
                0x00008cc2       0x72 C:/ProgramData/MATLAB/SupportPackages/R2022a/toolbox/target/supportpackages/freedomk64f/src/ksdk_armgcc_lib/bm/libksdk_platform.a(fsl_clock_manager.o)
 .rodata.CLOCK_SYS_OscDeinit.str1.1
                0x00008d34       0x1e C:/ProgramData/MATLAB/SupportPackages/R2022a/toolbox/target/supportpackages/freedomk64f/src/ksdk_armgcc_lib/bm/libksdk_platform.a(fsl_clock_manager.o)
 .rodata.CLOCK_SYS_RtcOscInit.str1.1
                0x00008d52       0x1e C:/ProgramData/MATLAB/SupportPackages/R2022a/toolbox/target/supportpackages/freedomk64f/src/ksdk_armgcc_lib/bm/libksdk_platform.a(fsl_clock_manager.o)
 .rodata.__func__.9466
                0x00008d70       0x12 C:/ProgramData/MATLAB/SupportPackages/R2022a/toolbox/target/supportpackages/freedomk64f/src/ksdk_armgcc_lib/bm/libksdk_platform.a(fsl_clock_manager.o)
 .rodata.__func__.9483
                0x00008d82       0x15 C:/ProgramData/MATLAB/SupportPackages/R2022a/toolbox/target/supportpackages/freedomk64f/src/ksdk_armgcc_lib/bm/libksdk_platform.a(fsl_clock_manager.o)
 *fill*         0x00008d97        0x1 
 .rodata.g_oscBase
                0x00008d98        0x4 C:/ProgramData/MATLAB/SupportPackages/R2022a/toolbox/target/supportpackages/freedomk64f/src/ksdk_armgcc_lib/bm/libksdk_platform.a(fsl_clock_manager_common.o)
                0x00008d98                g_oscBase
 .rodata.CLOCK_SYS_SetConfiguration.str1.1
                0x00008d9c       0x5c C:/ProgramData/MATLAB/SupportPackages/R2022a/toolbox/target/supportpackages/freedomk64f/src/ksdk_armgcc_lib/bm/libksdk_platform.a(fsl_clock_MK64F12.o)
 .rodata.CLOCK_SYS_EnablePortClock.str1.1
                0x00008df8       0x3a C:/ProgramData/MATLAB/SupportPackages/R2022a/toolbox/target/supportpackages/freedomk64f/src/ksdk_armgcc_lib/bm/libksdk_platform.a(fsl_clock_MK64F12.o)
 .rodata.__func__.9073
                0x00008e32       0x1b C:/ProgramData/MATLAB/SupportPackages/R2022a/toolbox/target/supportpackages/freedomk64f/src/ksdk_armgcc_lib/bm/libksdk_platform.a(fsl_clock_MK64F12.o)
 .rodata.__func__.9228
                0x00008e4d       0x1a C:/ProgramData/MATLAB/SupportPackages/R2022a/toolbox/target/supportpackages/freedomk64f/src/ksdk_armgcc_lib/bm/libksdk_platform.a(fsl_clock_MK64F12.o)
 .rodata.portGateTable
                0x00008e67        0x5 C:/ProgramData/MATLAB/SupportPackages/R2022a/toolbox/target/supportpackages/freedomk64f/src/ksdk_armgcc_lib/bm/libksdk_platform.a(fsl_clock_MK64F12.o)
 .rodata.g_edmaBase
                0x00008e6c        0x4 C:/ProgramData/MATLAB/SupportPackages/R2022a/toolbox/target/supportpackages/freedomk64f/src/ksdk_armgcc_lib/bm/libksdk_platform.a(fsl_edma_common.o)
                0x00008e6c                g_edmaBase
 .rodata.PORT_HAL_SetMuxMode.part.0.str1.1
                0x00008e70       0x41 C:/ProgramData/MATLAB/SupportPackages/R2022a/toolbox/target/supportpackages/freedomk64f/src/ksdk_armgcc_lib/bm/libksdk_platform.a(fsl_gpio_driver.o)
 .rodata.GPIO_DRV_InputPinInit.str1.1
                0x00008eb1       0x7d C:/ProgramData/MATLAB/SupportPackages/R2022a/toolbox/target/supportpackages/freedomk64f/src/ksdk_armgcc_lib/bm/libksdk_platform.a(fsl_gpio_driver.o)
 .rodata.__func__.7544
                0x00008f2e       0x14 C:/ProgramData/MATLAB/SupportPackages/R2022a/toolbox/target/supportpackages/freedomk64f/src/ksdk_armgcc_lib/bm/libksdk_platform.a(fsl_gpio_driver.o)
 .rodata.__func__.9358
                0x00008f42       0x12 C:/ProgramData/MATLAB/SupportPackages/R2022a/toolbox/target/supportpackages/freedomk64f/src/ksdk_armgcc_lib/bm/libksdk_platform.a(fsl_gpio_driver.o)
 .rodata.fllFactorTable.7763
                0x00008f54       0x10 C:/ProgramData/MATLAB/SupportPackages/R2022a/toolbox/target/supportpackages/freedomk64f/src/ksdk_armgcc_lib/bm/libksdk_platform.a(fsl_mcg_hal.o)
 .rodata.g_rtcBase
                0x00008f64        0x4 C:/ProgramData/MATLAB/SupportPackages/R2022a/toolbox/target/supportpackages/freedomk64f/src/ksdk_armgcc_lib/bm/libksdk_platform.a(fsl_rtc_common.o)
                0x00008f64                g_rtcBase
 .rodata.UART_DRV_StartSendData.str1.1
                0x00008f68       0x62 C:/ProgramData/MATLAB/SupportPackages/R2022a/toolbox/target/supportpackages/freedomk64f/src/ksdk_armgcc_lib/bm/libksdk_platform.a(fsl_uart_driver.o)
 .rodata.__func__.10148
                0x00008fca       0x1a C:/ProgramData/MATLAB/SupportPackages/R2022a/toolbox/target/supportpackages/freedomk64f/src/ksdk_armgcc_lib/bm/libksdk_platform.a(fsl_uart_driver.o)
 .rodata.__func__.10162
                0x00008fe4       0x1d C:/ProgramData/MATLAB/SupportPackages/R2022a/toolbox/target/supportpackages/freedomk64f/src/ksdk_armgcc_lib/bm/libksdk_platform.a(fsl_uart_driver.o)
 .rodata.GPIO_HAL_SetPinDir.str1.1
                0x00009001       0x45 C:/ProgramData/MATLAB/SupportPackages/R2022a/toolbox/target/supportpackages/freedomk64f/src/ksdk_armgcc_lib/bm/libksdk_platform.a(fsl_gpio_hal.o)
 .rodata.__func__.7542
                0x00009046       0x13 C:/ProgramData/MATLAB/SupportPackages/R2022a/toolbox/target/supportpackages/freedomk64f/src/ksdk_armgcc_lib/bm/libksdk_platform.a(fsl_gpio_hal.o)
 .rodata.__func__.7548
                0x00009059       0x18 C:/ProgramData/MATLAB/SupportPackages/R2022a/toolbox/target/supportpackages/freedomk64f/src/ksdk_armgcc_lib/bm/libksdk_platform.a(fsl_gpio_hal.o)
 *fill*         0x00009071        0x3 
 .rodata.g_gpioBase
                0x00009074       0x14 C:/ProgramData/MATLAB/SupportPackages/R2022a/toolbox/target/supportpackages/freedomk64f/src/ksdk_armgcc_lib/bm/libksdk_platform.a(fsl_gpio_common.o)
                0x00009074                g_gpioBase
 .rodata.g_portBase
                0x00009088       0x14 C:/ProgramData/MATLAB/SupportPackages/R2022a/toolbox/target/supportpackages/freedomk64f/src/ksdk_armgcc_lib/bm/libksdk_platform.a(fsl_gpio_common.o)
                0x00009088                g_portBase
 .rodata.g_portIrqId
                0x0000909c        0x5 C:/ProgramData/MATLAB/SupportPackages/R2022a/toolbox/target/supportpackages/freedomk64f/src/ksdk_armgcc_lib/bm/libksdk_platform.a(fsl_gpio_common.o)
                0x0000909c                g_portIrqId
 *fill*         0x000090a1        0x3 
 .rodata.g_uartBase
                0x000090a4       0x18 C:/ProgramData/MATLAB/SupportPackages/R2022a/toolbox/target/supportpackages/freedomk64f/src/ksdk_armgcc_lib/bm/libksdk_platform.a(fsl_uart_common.o)
                0x000090a4                g_uartBase
 .rodata.__assert_func.str1.4
                0x000090bc       0x3f c:/progra~3/matlab/suppor~1/r2022a/3p778c~1.ins/gnuarm~1.ins/win/bin/../lib/gcc/arm-none-eabi/9.3.1/../../../../arm-none-eabi/lib/thumb/v7e-m+fp/hard\libg.a(lib_a-assert.o)
                                 0x43 (size before relaxing)
 *fill*         0x000090fb        0x1 
 .rodata._global_impure_ptr
                0x000090fc        0x4 c:/progra~3/matlab/suppor~1/r2022a/3p778c~1.ins/gnuarm~1.ins/win/bin/../lib/gcc/arm-none-eabi/9.3.1/../../../../arm-none-eabi/lib/thumb/v7e-m+fp/hard\libg.a(lib_a-impure.o)
                0x000090fc                _global_impure_ptr
 .rodata._vfiprintf_r.str1.4
                0x00009100       0x2f c:/progra~3/matlab/suppor~1/r2022a/3p778c~1.ins/gnuarm~1.ins/win/bin/../lib/gcc/arm-none-eabi/9.3.1/../../../../arm-none-eabi/lib/thumb/v7e-m+fp/hard\libg.a(lib_a-vfiprintf.o)
 *fill*         0x0000912f        0x1 
 .rodata.blanks.8691
                0x00009130       0x10 c:/progra~3/matlab/suppor~1/r2022a/3p778c~1.ins/gnuarm~1.ins/win/bin/../lib/gcc/arm-none-eabi/9.3.1/../../../../arm-none-eabi/lib/thumb/v7e-m+fp/hard\libg.a(lib_a-vfiprintf.o)
 .rodata.zeroes.8692
                0x00009140       0x10 c:/progra~3/matlab/suppor~1/r2022a/3p778c~1.ins/gnuarm~1.ins/win/bin/../lib/gcc/arm-none-eabi/9.3.1/../../../../arm-none-eabi/lib/thumb/v7e-m+fp/hard\libg.a(lib_a-vfiprintf.o)
 .rodata._setlocale_r.str1.4
                0x00009150        0xa c:/progra~3/matlab/suppor~1/r2022a/3p778c~1.ins/gnuarm~1.ins/win/bin/../lib/gcc/arm-none-eabi/9.3.1/../../../../arm-none-eabi/lib/thumb/v7e-m+fp/hard\libg.a(lib_a-locale.o)
                                  0xd (size before relaxing)
 *fill*         0x0000915a        0x2 
 .rodata.str1.4
                0x0000915c        0x2 c:/progra~3/matlab/suppor~1/r2022a/3p778c~1.ins/gnuarm~1.ins/win/bin/../lib/gcc/arm-none-eabi/9.3.1/../../../../arm-none-eabi/lib/thumb/v7e-m+fp/hard\libg.a(lib_a-locale.o)
 *fill*         0x0000915e        0x2 
 .rodata._ctype_
                0x00009160      0x101 c:/progra~3/matlab/suppor~1/r2022a/3p778c~1.ins/gnuarm~1.ins/win/bin/../lib/gcc/arm-none-eabi/9.3.1/../../../../arm-none-eabi/lib/thumb/v7e-m+fp/hard\libg.a(lib_a-ctype_.o)
                0x00009160                _ctype_
 *(.glue_7)
 .glue_7        0x00009261        0x0 linker stubs
 *(.glue_7t)
 .glue_7t       0x00009261        0x0 linker stubs
 *(.eh_frame)
 *fill*         0x00009261        0x3 
 .eh_frame      0x00009264        0x0 c:/progra~3/matlab/suppor~1/r2022a/3p778c~1.ins/gnuarm~1.ins/win/bin/../lib/gcc/arm-none-eabi/9.3.1/thumb/v7e-m+fp/hard/crtbegin.o
 *(.init)
 .init          0x00009264        0x4 c:/progra~3/matlab/suppor~1/r2022a/3p778c~1.ins/gnuarm~1.ins/win/bin/../lib/gcc/arm-none-eabi/9.3.1/thumb/v7e-m+fp/hard/crti.o
                0x00009264                _init
 .init          0x00009268        0x8 c:/progra~3/matlab/suppor~1/r2022a/3p778c~1.ins/gnuarm~1.ins/win/bin/../lib/gcc/arm-none-eabi/9.3.1/thumb/v7e-m+fp/hard/crtn.o
 *(.fini)